2026-02-12 01:41:18,549 [INFO] Session log: /home/ryan/Work/guitar-tone-worktrees/main/.tasks/projects/guitar-tone-shootout/epics/E111/logs/session_20260212_004118.log
2026-02-12 01:41:18,550 [INFO] Starting TDD state machine for Epic E111
2026-02-12 01:41:18,550 [INFO]   Tasks dir: /home/ryan/Work/guitar-tone-worktrees/main/.tasks/projects/guitar-tone-shootout/epics/E111
2026-02-12 01:41:18,550 [INFO]   Max iterations: 50
2026-02-12 01:41:18,550 [INFO]   Dry run: False
2026-02-12 01:41:18,550 [INFO]
2026-02-12 01:41:18,550 [INFO] === Iteration 1 ===
2026-02-12 01:41:18,550 [INFO]
2026-02-12 01:41:18,550 [INFO] All tasks complete! Running final health check...
2026-02-12 01:41:18,550 [INFO]     Running: just epic-health 111
2026-02-12 01:43:23,378 [DEBUG]     just epic-health 111 -> OK
2026-02-12 01:43:23,378 [DEBUG]     Output:
Report saved to .tasks/projects/guitar-tone-shootout/epics/E111/health-report.md
# Health Check: 111

**Status**: ✅ HEALTHY

| Check | Status | Message |
|-------|--------|---------|
| lint | ✅ | Lint passed |
| typecheck | ✅ | Types OK |
| tests | ✅ | Tests passed |
| regression | ✅ | Regression passed |
| e2e | ✅ | E2E passed |
python scripts/health_check.py 111

2026-02-12 01:43:23,378 [INFO] Epic E111 complete and healthy!
