2026-02-08 11:16:09,970 [INFO] Session log: /home/ryan/Work/guitar-tone-worktrees/33-convert-all-selectinload-joinedload-sing/.tasks/projects/guitar-tone-shootout/epics/E33/logs/session_20260208_101609.log
2026-02-08 11:16:09,971 [INFO] Starting TDD state machine for Epic E33
2026-02-08 11:16:09,971 [INFO]   Tasks dir: /home/ryan/Work/guitar-tone-worktrees/33-convert-all-selectinload-joinedload-sing/.tasks/projects/guitar-tone-shootout/epics/E33
2026-02-08 11:16:09,971 [INFO]   Max iterations: 50
2026-02-08 11:16:09,971 [INFO]   Dry run: False
2026-02-08 11:16:09,971 [INFO] 
2026-02-08 11:16:09,971 [INFO] === Iteration 1 ===
2026-02-08 11:16:09,977 [INFO]   Next task: T44 — [Task]: F3 - Add integration tests for User and SignalChain aggregates (state=validating)
2026-02-08 11:16:10,249 [INFO] 
  Phase: VALIDATE (full TDD validation for T44)
2026-02-08 11:16:10,250 [DEBUG] STRUCTURED: {"event": "phase_start", "timestamp": "2026-02-08T10:16:10.249942+00:00", "task_id": 44, "phase": "validate"}
2026-02-08 11:16:10,250 [INFO]     Running: just tdd-complete T44
2026-02-08 11:16:47,475 [DEBUG]     just tdd-complete T44 -> FAILED (exit 1)
2026-02-08 11:16:47,476 [DEBUG]     Output:
mx_fragment_endpoints_t29.py::TestGearBrowseFragments::test_gear_list_fragment_accepts_manufacturer_filter
FAILED tests/integration/webapp/test_htmx_fragment_endpoints_t29.py::TestGearBrowseFragments::test_gear_list_fragment_accepts_search_query
FAILED tests/integration/webapp/test_htmx_fragment_endpoints_t29.py::TestGearBrowseFragments::test_gear_list_fragment_accepts_pagination
FAILED tests/integration/webapp/test_htmx_fragment_endpoints_t29.py::TestGearBrowseFragments::test_gear_list_fragment_returns_only_public_gear
FAILED tests/integration/webapp/test_htmx_fragment_endpoints_t29.py::TestLibraryMyGearFragments::test_library_my_gear_list_fragment_returns_html
FAILED tests/integration/webapp/test_htmx_fragment_endpoints_t29.py::TestLibraryMyGearFragments::test_library_my_gear_list_fragment_shows_only_user_gear
FAILED tests/integration/webapp/test_htmx_fragment_endpoints_t29.py::TestLibraryMyGearFragments::test_library_my_gear_list_fragment_accepts_filters
FAILED tests/integration/webapp/test_htmx_fragment_endpoints_t29.py::TestLibraryChainsFragments::test_library_chains_list_fragment_returns_html
FAILED tests/integration/webapp/test_htmx_fragment_endpoints_t29.py::TestLibraryChainsFragments::test_library_chains_list_fragment_shows_only_user_chains
FAILED tests/integration/webapp/test_htmx_fragment_endpoints_t29.py::TestLibraryChainsFragments::test_library_chains_list_fragment_accepts_pagination
FAILED tests/integration/webapp/test_htmx_fragment_endpoints_t29.py::TestHTMLFragmentResponseFormat::test_fragments_return_html_content_type
FAILED tests/integration/webapp/test_htmx_fragment_endpoints_t29.py::TestHTMLFragmentResponseFormat::test_fragments_do_not_return_full_page
FAILED tests/integration/webapp/test_htmx_fragment_endpoints_t29.py::TestHTMLFragmentResponseFormat::test_fragments_are_embeddable_html
FAILED tests/integration/webapp/test_library_page_route.py::TestLibraryMyGearPageRoute::test_library_my_gear_route_returns_html
FAILED tests/integration/webapp/test_library_page_route.py::TestLibraryMyGearPageRoute::test_library_my_gear_shows_empty_state
FAILED tests/integration/webapp/test_library_page_route.py::TestLibraryMyGearPageRoute::test_library_my_gear_displays_users_gear
FAILED tests/integration/webapp/test_library_page_route.py::TestLibraryMyGearPageRoute::test_library_my_gear_has_add_gear_button
FAILED tests/integration/webapp/test_library_page_route.py::TestLibraryMyGearPageRoute::test_library_my_gear_has_remove_buttons
FAILED tests/integration/webapp/test_migration.py::test_migration_creates_all_tables
FAILED tests/integration/webapp/test_shootout_repository.py::test_save_persists_chains
FAILED tests/integration/webapp/test_user_repository.py::test_update_user - s...
FAILED tests/integration/webapp/test_user_repository.py::test_update_user_identities
================= 93 failed, 658 passed, 8 warnings in 34.83s ==================
error: Recipe `tdd-green` failed with exit code 1
error: Recipe `tdd-complete` failed with exit code 1

2026-02-08 11:16:47,476 [INFO] 
2026-02-08 11:16:47,476 [INFO] ============================================================
2026-02-08 11:16:47,476 [INFO] EPIC HALTED — T44 failed at phase: validation_failed
2026-02-08 11:16:47,476 [INFO] ============================================================
2026-02-08 11:16:47,476 [INFO] Error report: /home/ryan/Work/guitar-tone-worktrees/33-convert-all-selectinload-joinedload-sing/.tasks/projects/guitar-tone-shootout/epics/E33/logs/errors/T44_validation_failed_20260208_101647.md
2026-02-08 11:16:47,476 [INFO] 
2026-02-08 11:16:47,476 [INFO] Last output:
2026-02-08 11:16:47,478 [INFO]   FAILED tests/integration/webapp/test_chain_list_page_route.py::TestChainListFragments::test_chain_duplicate_fragment_endpoint_exists
2026-02-08 11:16:47,478 [INFO]   FAILED tests/integration/webapp/test_chain_list_page_route.py::TestChainListFragments::test_chain_list_fragment_returns_html
2026-02-08 11:16:47,478 [INFO]   FAILED tests/integration/webapp/test_chain_list_page_route.py::TestChainListFragments::test_chain_list_fragment_empty_state
2026-02-08 11:16:47,478 [INFO]   FAILED tests/integration/webapp/test_gear_page_routes.py::TestGearBrowsePageRoute::test_gear_browse_includes_filter_controls
2026-02-08 11:16:47,478 [INFO]   FAILED tests/integration/webapp/test_gear_page_routes.py::TestGearBrowsePageRoute::test_gear_browse_has_htmx_attributes
2026-02-08 11:16:47,478 [INFO]   FAILED tests/integration/webapp/test_gear_page_routes.py::TestGearDetailPageRoute::test_gear_detail_route_returns_html
2026-02-08 11:16:47,478 [INFO]   FAILED tests/integration/webapp/test_gear_page_routes.py::TestGearDetailPageRoute::test_gear_detail_renders_all_fields
2026-02-08 11:16:47,478 [INFO]   FAILED tests/integration/webapp/test_gear_page_routes.py::TestGearDetailPageRoute::test_gear_detail_renders_base_layout
2026-02-08 11:16:47,478 [INFO]   FAILED tests/integration/webapp/test_gear_page_routes.py::TestGearDetailPageRoute::test_gear_detail_includes_back_link
2026-02-08 11:16:47,478 [INFO]   FAILED tests/integration/webapp/test_gear_page_routes.py::TestGearHTMXFragments::test_gear_list_fragment_endpoint_exists
2026-02-08 11:16:47,478 [INFO]   FAILED tests/integration/webapp/test_gear_page_routes.py::TestGearHTMXFragments::test_gear_list_fragment_accepts_filters
2026-02-08 11:16:47,478 [INFO]   FAILED tests/integration/webapp/test_gear_page_routes.py::TestGearHTMXFragments::test_gear_list_fragment_accepts_search_query
2026-02-08 11:16:47,478 [INFO]   FAILED tests/integration/webapp/test_gear_repository.py::test_update_gear - s...
2026-02-08 11:16:47,478 [INFO]   FAILED tests/integration/webapp/test_htmx_fragment_endpoints_t29.py::TestGearBrowseFragments::test_gear_list_fragment_endpoint_returns_html
2026-02-08 11:16:47,478 [INFO]   FAILED tests/integration/webapp/test_htmx_fragment_endpoints_t29.py::TestGearBrowseFragments::test_gear_list_fragment_accepts_gear_type_filter
2026-02-08 11:16:47,478 [INFO]   FAILED tests/integration/webapp/test_htmx_fragment_endpoints_t29.py::TestGearBrowseFragments::test_gear_list_fragment_accepts_manufacturer_filter
2026-02-08 11:16:47,478 [INFO]   FAILED tests/integration/webapp/test_htmx_fragment_endpoints_t29.py::TestGearBrowseFragments::test_gear_list_fragment_accepts_search_query
2026-02-08 11:16:47,478 [INFO]   FAILED tests/integration/webapp/test_htmx_fragment_endpoints_t29.py::TestGearBrowseFragments::test_gear_list_fragment_accepts_pagination
2026-02-08 11:16:47,478 [INFO]   FAILED tests/integration/webapp/test_htmx_fragment_endpoints_t29.py::TestGearBrowseFragments::test_gear_list_fragment_returns_only_public_gear
2026-02-08 11:16:47,478 [INFO]   FAILED tests/integration/webapp/test_htmx_fragment_endpoints_t29.py::TestLibraryMyGearFragments::test_library_my_gear_list_fragment_returns_html
2026-02-08 11:16:47,478 [INFO]   FAILED tests/integration/webapp/test_htmx_fragment_endpoints_t29.py::TestLibraryMyGearFragments::test_library_my_gear_list_fragment_shows_only_user_gear
2026-02-08 11:16:47,478 [INFO]   FAILED tests/integration/webapp/test_htmx_fragment_endpoints_t29.py::TestLibraryMyGearFragments::test_library_my_gear_list_fragment_accepts_filters
2026-02-08 11:16:47,478 [INFO]   FAILED tests/integration/webapp/test_htmx_fragment_endpoints_t29.py::TestLibraryChainsFragments::test_library_chains_list_fragment_returns_html
2026-02-08 11:16:47,478 [INFO]   FAILED tests/integration/webapp/test_htmx_fragment_endpoints_t29.py::TestLibraryChainsFragments::test_library_chains_list_fragment_shows_only_user_chains
2026-02-08 11:16:47,478 [INFO]   FAILED tests/integration/webapp/test_htmx_fragment_endpoints_t29.py::TestLibraryChainsFragments::test_library_chains_list_fragment_accepts_pagination
2026-02-08 11:16:47,478 [INFO]   FAILED tests/integration/webapp/test_htmx_fragment_endpoints_t29.py::TestHTMLFragmentResponseFormat::test_fragments_return_html_content_type
2026-02-08 11:16:47,478 [INFO]   FAILED tests/integration/webapp/test_htmx_fragment_endpoints_t29.py::TestHTMLFragmentResponseFormat::test_fragments_do_not_return_full_page
2026-02-08 11:16:47,478 [INFO]   FAILED tests/integration/webapp/test_htmx_fragment_endpoints_t29.py::TestHTMLFragmentResponseFormat::test_fragments_are_embeddable_html
2026-02-08 11:16:47,478 [INFO]   FAILED tests/integration/webapp/test_library_page_route.py::TestLibraryMyGearPageRoute::test_library_my_gear_route_returns_html
2026-02-08 11:16:47,478 [INFO]   FAILED tests/integration/webapp/test_library_page_route.py::TestLibraryMyGearPageRoute::test_library_my_gear_shows_empty_state
2026-02-08 11:16:47,478 [INFO]   FAILED tests/integration/webapp/test_library_page_route.py::TestLibraryMyGearPageRoute::test_library_my_gear_displays_users_gear
2026-02-08 11:16:47,478 [INFO]   FAILED tests/integration/webapp/test_library_page_route.py::TestLibraryMyGearPageRoute::test_library_my_gear_has_add_gear_button
2026-02-08 11:16:47,478 [INFO]   FAILED tests/integration/webapp/test_library_page_route.py::TestLibraryMyGearPageRoute::test_library_my_gear_has_remove_buttons
2026-02-08 11:16:47,478 [INFO]   FAILED tests/integration/webapp/test_migration.py::test_migration_creates_all_tables
2026-02-08 11:16:47,478 [INFO]   FAILED tests/integration/webapp/test_shootout_repository.py::test_save_persists_chains
2026-02-08 11:16:47,478 [INFO]   FAILED tests/integration/webapp/test_user_repository.py::test_update_user - s...
2026-02-08 11:16:47,478 [INFO]   FAILED tests/integration/webapp/test_user_repository.py::test_update_user_identities
2026-02-08 11:16:47,478 [INFO]   ================= 93 failed, 658 passed, 8 warnings in 34.83s ==================
2026-02-08 11:16:47,478 [INFO]   error: Recipe `tdd-green` failed with exit code 1
2026-02-08 11:16:47,478 [INFO]   error: Recipe `tdd-complete` failed with exit code 1
2026-02-08 11:16:47,478 [INFO] 
2026-02-08 11:16:47,478 [INFO] To retry, fix the issue and re-run: python scripts/run_epic.py run <epic>
