2026-02-08 08:54:19,334 [INFO] Session log: /home/ryan/Work/guitar-tone-worktrees/33-convert-all-selectinload-joinedload-sing/.tasks/projects/guitar-tone-shootout/epics/E33/logs/session_20260208_075419.log
2026-02-08 08:54:19,334 [INFO] Starting TDD state machine for Epic E33
2026-02-08 08:54:19,334 [INFO]   Tasks dir: /home/ryan/Work/guitar-tone-worktrees/33-convert-all-selectinload-joinedload-sing/.tasks/projects/guitar-tone-shootout/epics/E33
2026-02-08 08:54:19,334 [INFO]   Max iterations: 50
2026-02-08 08:54:19,334 [INFO]   Dry run: False
2026-02-08 08:54:19,334 [INFO]
2026-02-08 08:54:19,334 [INFO] === Iteration 1 ===
2026-02-08 08:54:19,353 [INFO]   Next task: T44 — [Task]: F3 - Add integration tests for User and SignalChain aggregates (state=locked)
2026-02-08 08:54:19,609 [INFO]
  Phase: TEST-FIX (test-only task T44)
2026-02-08 08:54:19,609 [DEBUG] STRUCTURED: {"event": "phase_start", "timestamp": "2026-02-08T07:54:19.609660+00:00", "task_id": 44, "phase": "test_fix"}
2026-02-08 08:54:19,610 [INFO]     Running scope-derived green: pytest tests/integration/webapp/repositories/test_signal_chain_repository.py tests/integration/webapp/repositories/test_user_repository.py -v
2026-02-08 08:54:23,004 [DEBUG]     scope-derived green -> OK
2026-02-08 08:54:23,004 [DEBUG]     Output:
============================= test session starts ==============================
platform linux -- Python 3.14.3, pytest-9.0.2, pluggy-1.6.0
rootdir: /app
configfile: pyproject.toml
plugins: cov-7.0.0, anyio-4.12.1, asyncio-1.3.0
asyncio: mode=Mode.AUTO, debug=False, asyncio_default_fixture_loop_scope=function, asyncio_default_test_loop_scope=function
collected 14 items

tests/integration/webapp/repositories/test_signal_chain_repository.py .. [ 14%]
.....                                                                    [ 50%]
tests/integration/webapp/repositories/test_user_repository.py .......    [100%]

============================== 14 passed in 0.65s ==============================

2026-02-08 08:54:23,004 [INFO]
  Committing test fixes...
2026-02-08 08:54:25,289 [INFO]   Git sync: pull --rebase --autostash origin main
