2026-02-11 03:20:28,711 [INFO] Session log: /home/ryan/Work/guitar-tone-worktrees/main/.tasks/projects/guitar-tone-shootout/epics/E94/logs/session_20260211_022028.log
2026-02-11 03:20:28,711 [INFO] Starting TDD state machine for Epic E94
2026-02-11 03:20:28,711 [INFO]   Tasks dir: /home/ryan/Work/guitar-tone-worktrees/main/.tasks/projects/guitar-tone-shootout/epics/E94
2026-02-11 03:20:28,711 [INFO]   Max iterations: 60
2026-02-11 03:20:28,711 [INFO]   Dry run: False
2026-02-11 03:20:28,711 [INFO]
2026-02-11 03:20:28,711 [INFO] === Iteration 1 ===
2026-02-11 03:20:28,726 [INFO]   Next task: T111 — Processing Trigger Endpoint (state=validating)
2026-02-11 03:20:28,939 [INFO]
  Phase: VALIDATE (full TDD validation for T111)
2026-02-11 03:20:28,939 [DEBUG] STRUCTURED: {"event": "phase_start", "timestamp": "2026-02-11T02:20:28.939496+00:00", "task_id": 111, "phase": "validate"}
2026-02-11 03:20:28,939 [INFO]     Running: just tdd-complete T111
2026-02-11 03:20:37,033 [DEBUG]     just tdd-complete T111 -> FAILED (exit 2)
2026-02-11 03:20:37,034 [DEBUG]     Output:
=== Full TDD Validation for T111 ===
1. Verifying tests pass...
Verifying ALL tests pass for T111...
============================= test session starts ==============================
platform linux -- Python 3.14.3, pytest-9.0.2, pluggy-1.6.0
rootdir: /app
configfile: pyproject.toml
plugins: cov-7.0.0, anyio-4.12.1, asyncio-1.3.0
asyncio: mode=Mode.AUTO, debug=False, asyncio_default_fixture_loop_scope=function, asyncio_default_test_loop_scope=function
collected 1142 items / 1 error / 16 deselected / 1126 selected

==================================== ERRORS ====================================
_______ ERROR collecting tests/integration/webapp/test_seed_di_tracks.py _______
ImportError while importing test module '/app/tests/integration/webapp/test_seed_di_tracks.py'.
Hint: make sure your test modules/packages have valid Python names.
Traceback:
/usr/local/lib/python3.14/importlib/__init__.py:88: in import_module
    return _bootstrap._gcd_import(name[level:], package, level)
           ^^^^^^^^^^^^^^^^^^^^^^^^^^^^^^^^^^^^^^^^^^^^^^^^^^^^
tests/integration/webapp/test_seed_di_tracks.py:28: in <module>
    from seed_di_tracks import SeedDITracks
E   ModuleNotFoundError: No module named 'seed_di_tracks'
=============================== warnings summary ===============================
tests/unit/webapp/test_gear_templates_t23.py:10
  /app/tests/unit/webapp/test_gear_templates_t23.py:10: PytestUnknownMarkWarning: Unknown pytest.mark.unit - is this a typo?  You can register custom marks to avoid this warning - for details, see https://docs.pytest.org/en/stable/how-to/mark.html
    @pytest.mark.unit

tests/unit/webapp/test_gear_templates_t23.py:73
  /app/tests/unit/webapp/test_gear_templates_t23.py:73: PytestUnknownMarkWarning: Unknown pytest.mark.unit - is this a typo?  You can register custom marks to avoid this warning - for details, see https://docs.pytest.org/en/stable/how-to/mark.html
    @pytest.mark.unit

tests/unit/webapp/test_gear_templates_t23.py:135
  /app/tests/unit/webapp/test_gear_templates_t23.py:135: PytestUnknownMarkWarning: Unknown pytest.mark.unit - is this a typo?  You can register custom marks to avoid this warning - for details, see https://docs.pytest.org/en/stable/how-to/mark.html
    @pytest.mark.unit

-- Docs: https://docs.pytest.org/en/stable/how-to/capture-warnings.html
=========================== short test summary info ============================
ERROR tests/integration/webapp/test_seed_di_tracks.py
!!!!!!!!!!!!!!!!!!!! Interrupted: 1 error during collection !!!!!!!!!!!!!!!!!!!!
================= 16 deselected, 3 warnings, 1 error in 6.00s ==================
error: Recipe `tdd-green` failed with exit code 2
error: Recipe `tdd-complete` failed with exit code 2

2026-02-11 03:20:37,034 [INFO]
2026-02-11 03:20:37,034 [INFO] ============================================================
2026-02-11 03:20:37,034 [INFO] EPIC HALTED — T111 failed at phase: validation_failed
2026-02-11 03:20:37,034 [INFO] ============================================================
2026-02-11 03:20:37,034 [INFO] Error report: /home/ryan/Work/guitar-tone-worktrees/main/.tasks/projects/guitar-tone-shootout/epics/E94/logs/errors/T111_validation_failed_20260211_022037.md
2026-02-11 03:20:37,034 [INFO]
2026-02-11 03:20:37,034 [INFO] Last output:
2026-02-11 03:20:37,034 [INFO]   Verifying ALL tests pass for T111...
2026-02-11 03:20:37,034 [INFO]   ============================= test session starts ==============================
2026-02-11 03:20:37,034 [INFO]   platform linux -- Python 3.14.3, pytest-9.0.2, pluggy-1.6.0
2026-02-11 03:20:37,034 [INFO]   rootdir: /app
2026-02-11 03:20:37,034 [INFO]   configfile: pyproject.toml
2026-02-11 03:20:37,034 [INFO]   plugins: cov-7.0.0, anyio-4.12.1, asyncio-1.3.0
2026-02-11 03:20:37,034 [INFO]   asyncio: mode=Mode.AUTO, debug=False, asyncio_default_fixture_loop_scope=function, asyncio_default_test_loop_scope=function
2026-02-11 03:20:37,034 [INFO]   collected 1142 items / 1 error / 16 deselected / 1126 selected
2026-02-11 03:20:37,034 [INFO]
2026-02-11 03:20:37,034 [INFO]   ==================================== ERRORS ====================================
2026-02-11 03:20:37,034 [INFO]   _______ ERROR collecting tests/integration/webapp/test_seed_di_tracks.py _______
2026-02-11 03:20:37,034 [INFO]   ImportError while importing test module '/app/tests/integration/webapp/test_seed_di_tracks.py'.
2026-02-11 03:20:37,034 [INFO]   Hint: make sure your test modules/packages have valid Python names.
2026-02-11 03:20:37,034 [INFO]   Traceback:
2026-02-11 03:20:37,034 [INFO]   /usr/local/lib/python3.14/importlib/__init__.py:88: in import_module
2026-02-11 03:20:37,034 [INFO]       return _bootstrap._gcd_import(name[level:], package, level)
2026-02-11 03:20:37,034 [INFO]              ^^^^^^^^^^^^^^^^^^^^^^^^^^^^^^^^^^^^^^^^^^^^^^^^^^^^
2026-02-11 03:20:37,034 [INFO]   tests/integration/webapp/test_seed_di_tracks.py:28: in <module>
2026-02-11 03:20:37,034 [INFO]       from seed_di_tracks import SeedDITracks
2026-02-11 03:20:37,034 [INFO]   E   ModuleNotFoundError: No module named 'seed_di_tracks'
2026-02-11 03:20:37,034 [INFO]   =============================== warnings summary ===============================
2026-02-11 03:20:37,035 [INFO]   tests/unit/webapp/test_gear_templates_t23.py:10
2026-02-11 03:20:37,035 [INFO]     /app/tests/unit/webapp/test_gear_templates_t23.py:10: PytestUnknownMarkWarning: Unknown pytest.mark.unit - is this a typo?  You can register custom marks to avoid this warning - for details, see https://docs.pytest.org/en/stable/how-to/mark.html
2026-02-11 03:20:37,035 [INFO]       @pytest.mark.unit
2026-02-11 03:20:37,035 [INFO]
2026-02-11 03:20:37,035 [INFO]   tests/unit/webapp/test_gear_templates_t23.py:73
2026-02-11 03:20:37,035 [INFO]     /app/tests/unit/webapp/test_gear_templates_t23.py:73: PytestUnknownMarkWarning: Unknown pytest.mark.unit - is this a typo?  You can register custom marks to avoid this warning - for details, see https://docs.pytest.org/en/stable/how-to/mark.html
2026-02-11 03:20:37,035 [INFO]       @pytest.mark.unit
2026-02-11 03:20:37,035 [INFO]
2026-02-11 03:20:37,035 [INFO]   tests/unit/webapp/test_gear_templates_t23.py:135
2026-02-11 03:20:37,035 [INFO]     /app/tests/unit/webapp/test_gear_templates_t23.py:135: PytestUnknownMarkWarning: Unknown pytest.mark.unit - is this a typo?  You can register custom marks to avoid this warning - for details, see https://docs.pytest.org/en/stable/how-to/mark.html
2026-02-11 03:20:37,035 [INFO]       @pytest.mark.unit
2026-02-11 03:20:37,035 [INFO]
2026-02-11 03:20:37,035 [INFO]   -- Docs: https://docs.pytest.org/en/stable/how-to/capture-warnings.html
2026-02-11 03:20:37,035 [INFO]   =========================== short test summary info ============================
2026-02-11 03:20:37,035 [INFO]   ERROR tests/integration/webapp/test_seed_di_tracks.py
2026-02-11 03:20:37,035 [INFO]   !!!!!!!!!!!!!!!!!!!! Interrupted: 1 error during collection !!!!!!!!!!!!!!!!!!!!
2026-02-11 03:20:37,035 [INFO]   ================= 16 deselected, 3 warnings, 1 error in 6.00s ==================
2026-02-11 03:20:37,035 [INFO]   error: Recipe `tdd-green` failed with exit code 2
2026-02-11 03:20:37,035 [INFO]   error: Recipe `tdd-complete` failed with exit code 2
2026-02-11 03:20:37,035 [INFO]
2026-02-11 03:20:37,035 [INFO] To retry, fix the issue and re-run: python scripts/run_epic.py run <epic>
