2026-02-11 20:41:22,979 [INFO] Session log: /home/ryan/Work/guitar-tone-worktrees/95-phase-4-completion-di-tracks-groups-shoo/.tasks/projects/guitar-tone-shootout/epics/E95/logs/session_20260211_194122.log
2026-02-11 20:41:22,979 [INFO] Starting TDD state machine for Epic E95
2026-02-11 20:41:22,979 [INFO]   Tasks dir: /home/ryan/Work/guitar-tone-worktrees/95-phase-4-completion-di-tracks-groups-shoo/.tasks/projects/guitar-tone-shootout/epics/E95
2026-02-11 20:41:22,979 [INFO]   Max iterations: 50
2026-02-11 20:41:22,979 [INFO]   Dry run: False
2026-02-11 20:41:22,979 [INFO]
2026-02-11 20:41:22,979 [INFO] === Iteration 1 ===
2026-02-11 20:41:22,980 [INFO]   Next task: T117 — AuditService (Wire to Auth) (state=validating)
2026-02-11 20:41:23,159 [INFO]
  Phase: VALIDATE (full TDD validation for T117)
2026-02-11 20:41:23,160 [DEBUG] STRUCTURED: {"event": "phase_start", "timestamp": "2026-02-11T19:41:23.160143+00:00", "task_id": 117, "phase": "validate"}
2026-02-11 20:41:23,160 [INFO]     Running: just tdd-complete T117
2026-02-11 20:43:34,511 [DEBUG]     just tdd-complete T117 -> OK
2026-02-11 20:43:34,511 [DEBUG]     Output:
:TestGearPages::test_gear_browse_page_returns_200 PASSED [ 61%]
tests/test_regression.py::TestLibraryPages::test_library_chains_redirects_to_login PASSED [ 63%]
tests/test_regression.py::TestLibraryPages::test_library_my_gear_redirects_to_login PASSED [ 64%]
tests/test_regression.py::TestLibraryPages::test_library_shootouts_redirects_to_login PASSED [ 66%]
tests/test_regression.py::TestLibraryPages::test_library_chain_groups_returns_404 PASSED [ 67%]
tests/test_regression.py::TestHTMXFragments::test_gear_list_fragment_returns_200 PASSED [ 69%]
tests/test_regression.py::TestHTMXFragments::test_library_my_gear_list_fragment_returns_200 PASSED [ 70%]
tests/test_regression.py::TestHTMXFragments::test_library_chains_list_fragment_returns_200 PASSED [ 72%]
tests/test_regression.py::TestHTMXFragments::test_library_shootouts_list_fragment_returns_200 PASSED [ 73%]
tests/test_regression.py::TestHTMXFragments::test_my_gear_results_fragment_returns_200 PASSED [ 75%]
tests/test_regression.py::TestHTMXFragments::test_di_tracks_results_fragment_returns_200 PASSED [ 76%]
tests/test_regression.py::TestHTMXFragments::test_library_tracks_fragment_returns_200 PASSED [ 78%]
tests/test_regression.py::TestHTMXFragments::test_library_chains_fragment_returns_200 PASSED [ 80%]
tests/test_regression.py::TestHTMXFragments::test_library_shootouts_fragment_returns_200 PASSED [ 81%]
tests/test_regression.py::TestHTMXFragments::test_library_groups_fragment_returns_200 PASSED [ 83%]
tests/test_regression.py::TestHTMXFragments::test_shootout_create_chains_fragment_returns_200 PASSED [ 84%]
tests/test_regression.py::TestHTMXFragments::test_shootout_create_ditracks_fragment_returns_200 PASSED [ 86%]
tests/test_regression.py::TestHTMXFragments::test_shootouts_sections_fragment_returns_200 PASSED [ 87%]
tests/test_remotion_player_rendering.py::TestRemotionPlayerRendering::test_hero_animation_renders_on_homepage XFAIL [ 89%]
tests/test_remotion_player_rendering.py::TestRemotionPlayerRendering::test_hero_animation_contains_player_element XFAIL [ 90%]
tests/test_remotion_player_rendering.py::TestRemotionPlayerRendering::test_how_to_video_renders PASSED [ 92%]
tests/test_remotion_player_rendering.py::TestRemotionPlayerRendering::test_remotion_player_no_ssr PASSED [ 93%]
tests/test_remotion_player_rendering.py::TestRemotionPlayerRendering::test_hero_animation_has_controls_or_autoplay PASSED [ 95%]
tests/test_remotion_player_rendering.py::TestRemotionPlayerRendering::test_no_console_errors_on_homepage PASSED [ 96%]
tests/test_remotion_player_rendering.py::TestRemotionPlayerAccessibility::test_hero_animation_has_testid XFAIL [ 98%]
tests/test_remotion_player_rendering.py::TestRemotionPlayerAccessibility::test_how_to_video_has_testid PASSED [100%]

============= 61 passed, 1 skipped, 3 xfailed in 61.55s (0:01:01) ==============

Task T117 validation complete
.env.local: line 10: UID: readonly variable
Using CPython 3.14.2
Creating virtual environment at: .venv
Installed 23 packages in 64ms

2026-02-11 20:43:34,536 [INFO]   T117 COMPLETE
2026-02-11 20:43:34,536 [DEBUG] STRUCTURED: {"event": "phase_end", "timestamp": "2026-02-11T19:43:34.536516+00:00", "task_id": 117, "phase": "validate", "result": "complete"}
