2026-02-12 03:20:41,441 [INFO] Session log: /home/ryan/Work/guitar-tone-worktrees/95-phase-4-completion-di-tracks-groups-shoo/.tasks/projects/guitar-tone-shootout/epics/E95/logs/session_20260212_022041.log
2026-02-12 03:20:41,441 [INFO] Starting TDD state machine for Epic E95
2026-02-12 03:20:41,441 [INFO]   Tasks dir: /home/ryan/Work/guitar-tone-worktrees/95-phase-4-completion-di-tracks-groups-shoo/.tasks/projects/guitar-tone-shootout/epics/E95
2026-02-12 03:20:41,441 [INFO]   Max iterations: 50
2026-02-12 03:20:41,441 [INFO]   Dry run: False
2026-02-12 03:20:41,441 [INFO]
2026-02-12 03:20:41,441 [INFO] === Iteration 1 ===
2026-02-12 03:20:41,456 [INFO]   Next task: T131 — Tag CRUD API (state=validating)
2026-02-12 03:20:41,639 [INFO]
  Phase: VALIDATE (full TDD validation for T131)
2026-02-12 03:20:41,640 [DEBUG] STRUCTURED: {"event": "phase_start", "timestamp": "2026-02-12T02:20:41.640176+00:00", "task_id": 131, "phase": "validate"}
2026-02-12 03:20:41,640 [INFO]     Running: just tdd-complete T131
2026-02-12 03:23:16,246 [DEBUG]     just tdd-complete T131 -> FAILED (exit 1)
2026-02-12 03:23:16,246 [DEBUG]     Output:
ASSED [ 80%]
tests/test_regression.py::TestHTMXFragments::test_library_shootouts_fragment_returns_200 PASSED [ 81%]
tests/test_regression.py::TestHTMXFragments::test_library_groups_fragment_returns_200 PASSED [ 83%]
tests/test_regression.py::TestHTMXFragments::test_shootout_create_chains_fragment_returns_200 PASSED [ 84%]
tests/test_regression.py::TestHTMXFragments::test_shootout_create_ditracks_fragment_returns_200 PASSED [ 86%]
tests/test_regression.py::TestHTMXFragments::test_shootouts_sections_fragment_returns_200 PASSED [ 87%]
tests/test_remotion_player_rendering.py::TestRemotionPlayerRendering::test_hero_animation_renders_on_homepage XFAIL [ 89%]
tests/test_remotion_player_rendering.py::TestRemotionPlayerRendering::test_hero_animation_contains_player_element XFAIL [ 90%]
tests/test_remotion_player_rendering.py::TestRemotionPlayerRendering::test_how_to_video_renders PASSED [ 92%]
tests/test_remotion_player_rendering.py::TestRemotionPlayerRendering::test_remotion_player_no_ssr PASSED [ 93%]
tests/test_remotion_player_rendering.py::TestRemotionPlayerRendering::test_hero_animation_has_controls_or_autoplay PASSED [ 95%]
tests/test_remotion_player_rendering.py::TestRemotionPlayerRendering::test_no_console_errors_on_homepage PASSED [ 96%]
tests/test_remotion_player_rendering.py::TestRemotionPlayerAccessibility::test_hero_animation_has_testid XFAIL [ 98%]
tests/test_remotion_player_rendering.py::TestRemotionPlayerAccessibility::test_how_to_video_has_testid PASSED [100%]

=================================== FAILURES ===================================
__________________ TestPublicFragments.test_di_tracks_results __________________

self = <tests.e2e.python.tests.test_golden_path.TestPublicFragments object at 0x7f878a6360d0>
guest_page = <Page url='https://95.tone-shootout.com/api/v1/html/di-tracks/results'>
frontend_url = 'https://95.tone-shootout.com'

    async def test_di_tracks_results(self, guest_page: Page, frontend_url: str) -> None:
        response = await guest_page.goto(f"{frontend_url}/api/v1/html/di-tracks/results")
>       assert response is not None and response.status == 200
E       AssertionError: assert (<Response url='https://95.tone-shootout.com/api/v1/html/di-tracks/results' request=<Request url='https://95.tone-shootout.com/api/v1/html/di-tracks/results' method='GET'>> is not None and 500 == 200)
E        +  where 500 = <Response url='https://95.tone-shootout.com/api/v1/html/di-tracks/results' request=<Request url='https://95.tone-shootout.com/api/v1/html/di-tracks/results' method='GET'>>.status

tests/test_golden_path.py:83: AssertionError
=========================== short test summary info ============================
FAILED tests/test_golden_path.py::TestPublicFragments::test_di_tracks_results
======== 1 failed, 60 passed, 1 skipped, 3 xfailed in 64.45s (0:01:04) =========
.env.local: line 10: UID: readonly variable
error: Recipe `test-golden-path` failed with exit code 1
error: Recipe `tdd-complete` failed with exit code 1

2026-02-12 03:23:16,246 [INFO]
2026-02-12 03:23:16,246 [INFO] ============================================================
2026-02-12 03:23:16,246 [INFO] EPIC HALTED — T131 failed at phase: validation_failed
2026-02-12 03:23:16,246 [INFO] ============================================================
2026-02-12 03:23:16,247 [INFO] Error report: /home/ryan/Work/guitar-tone-worktrees/95-phase-4-completion-di-tracks-groups-shoo/.tasks/projects/guitar-tone-shootout/epics/E95/logs/errors/T131_validation_failed_20260212_022316.md
2026-02-12 03:23:16,247 [INFO]
2026-02-12 03:23:16,247 [INFO] Last output:
2026-02-12 03:23:16,247 [INFO]   tests/test_regression.py::TestHTMXFragments::test_library_chains_list_fragment_returns_200 PASSED [ 72%]
2026-02-12 03:23:16,247 [INFO]   tests/test_regression.py::TestHTMXFragments::test_library_shootouts_list_fragment_returns_200 PASSED [ 73%]
2026-02-12 03:23:16,247 [INFO]   tests/test_regression.py::TestHTMXFragments::test_my_gear_results_fragment_returns_200 PASSED [ 75%]
2026-02-12 03:23:16,247 [INFO]   tests/test_regression.py::TestHTMXFragments::test_di_tracks_results_fragment_returns_200 PASSED [ 76%]
2026-02-12 03:23:16,247 [INFO]   tests/test_regression.py::TestHTMXFragments::test_library_tracks_fragment_returns_200 PASSED [ 78%]
2026-02-12 03:23:16,247 [INFO]   tests/test_regression.py::TestHTMXFragments::test_library_chains_fragment_returns_200 PASSED [ 80%]
2026-02-12 03:23:16,247 [INFO]   tests/test_regression.py::TestHTMXFragments::test_library_shootouts_fragment_returns_200 PASSED [ 81%]
2026-02-12 03:23:16,247 [INFO]   tests/test_regression.py::TestHTMXFragments::test_library_groups_fragment_returns_200 PASSED [ 83%]
2026-02-12 03:23:16,247 [INFO]   tests/test_regression.py::TestHTMXFragments::test_shootout_create_chains_fragment_returns_200 PASSED [ 84%]
2026-02-12 03:23:16,247 [INFO]   tests/test_regression.py::TestHTMXFragments::test_shootout_create_ditracks_fragment_returns_200 PASSED [ 86%]
2026-02-12 03:23:16,247 [INFO]   tests/test_regression.py::TestHTMXFragments::test_shootouts_sections_fragment_returns_200 PASSED [ 87%]
2026-02-12 03:23:16,247 [INFO]   tests/test_remotion_player_rendering.py::TestRemotionPlayerRendering::test_hero_animation_renders_on_homepage XFAIL [ 89%]
2026-02-12 03:23:16,247 [INFO]   tests/test_remotion_player_rendering.py::TestRemotionPlayerRendering::test_hero_animation_contains_player_element XFAIL [ 90%]
2026-02-12 03:23:16,247 [INFO]   tests/test_remotion_player_rendering.py::TestRemotionPlayerRendering::test_how_to_video_renders PASSED [ 92%]
2026-02-12 03:23:16,247 [INFO]   tests/test_remotion_player_rendering.py::TestRemotionPlayerRendering::test_remotion_player_no_ssr PASSED [ 93%]
2026-02-12 03:23:16,247 [INFO]   tests/test_remotion_player_rendering.py::TestRemotionPlayerRendering::test_hero_animation_has_controls_or_autoplay PASSED [ 95%]
2026-02-12 03:23:16,247 [INFO]   tests/test_remotion_player_rendering.py::TestRemotionPlayerRendering::test_no_console_errors_on_homepage PASSED [ 96%]
2026-02-12 03:23:16,247 [INFO]   tests/test_remotion_player_rendering.py::TestRemotionPlayerAccessibility::test_hero_animation_has_testid XFAIL [ 98%]
2026-02-12 03:23:16,247 [INFO]   tests/test_remotion_player_rendering.py::TestRemotionPlayerAccessibility::test_how_to_video_has_testid PASSED [100%]
2026-02-12 03:23:16,247 [INFO]
2026-02-12 03:23:16,247 [INFO]   =================================== FAILURES ===================================
2026-02-12 03:23:16,247 [INFO]   __________________ TestPublicFragments.test_di_tracks_results __________________
2026-02-12 03:23:16,247 [INFO]
2026-02-12 03:23:16,247 [INFO]   self = <tests.e2e.python.tests.test_golden_path.TestPublicFragments object at 0x7f878a6360d0>
2026-02-12 03:23:16,247 [INFO]   guest_page = <Page url='https://95.tone-shootout.com/api/v1/html/di-tracks/results'>
2026-02-12 03:23:16,247 [INFO]   frontend_url = 'https://95.tone-shootout.com'
2026-02-12 03:23:16,247 [INFO]
2026-02-12 03:23:16,247 [INFO]       async def test_di_tracks_results(self, guest_page: Page, frontend_url: str) -> None:
2026-02-12 03:23:16,247 [INFO]           response = await guest_page.goto(f"{frontend_url}/api/v1/html/di-tracks/results")
2026-02-12 03:23:16,247 [INFO]   >       assert response is not None and response.status == 200
2026-02-12 03:23:16,247 [INFO]   E       AssertionError: assert (<Response url='https://95.tone-shootout.com/api/v1/html/di-tracks/results' request=<Request url='https://95.tone-shootout.com/api/v1/html/di-tracks/results' method='GET'>> is not None and 500 == 200)
2026-02-12 03:23:16,247 [INFO]   E        +  where 500 = <Response url='https://95.tone-shootout.com/api/v1/html/di-tracks/results' request=<Request url='https://95.tone-shootout.com/api/v1/html/di-tracks/results' method='GET'>>.status
2026-02-12 03:23:16,247 [INFO]
2026-02-12 03:23:16,247 [INFO]   tests/test_golden_path.py:83: AssertionError
2026-02-12 03:23:16,247 [INFO]   =========================== short test summary info ============================
2026-02-12 03:23:16,247 [INFO]   FAILED tests/test_golden_path.py::TestPublicFragments::test_di_tracks_results
2026-02-12 03:23:16,247 [INFO]   ======== 1 failed, 60 passed, 1 skipped, 3 xfailed in 64.45s (0:01:04) =========
2026-02-12 03:23:16,247 [INFO]   .env.local: line 10: UID: readonly variable
2026-02-12 03:23:16,247 [INFO]   error: Recipe `test-golden-path` failed with exit code 1
2026-02-12 03:23:16,247 [INFO]   error: Recipe `tdd-complete` failed with exit code 1
2026-02-12 03:23:16,247 [INFO]
2026-02-12 03:23:16,247 [INFO] To retry, fix the issue and re-run: python scripts/run_epic.py run <epic>
