2026-02-12 00:55:54,823 [INFO] Session log: /home/ryan/Work/guitar-tone-worktrees/95-phase-4-completion-di-tracks-groups-shoo/.tasks/projects/guitar-tone-shootout/epics/E95/logs/session_20260211_235554.log
2026-02-12 00:55:54,824 [INFO] Starting TDD state machine for Epic E95
2026-02-12 00:55:54,824 [INFO]   Tasks dir: /home/ryan/Work/guitar-tone-worktrees/95-phase-4-completion-di-tracks-groups-shoo/.tasks/projects/guitar-tone-shootout/epics/E95
2026-02-12 00:55:54,824 [INFO]   Max iterations: 50
2026-02-12 00:55:54,824 [INFO]   Dry run: False
2026-02-12 00:55:54,824 [INFO]
2026-02-12 00:55:54,824 [INFO] === Iteration 1 ===
2026-02-12 00:55:54,826 [INFO]   Next task: T127 — Waveform + Audio Metadata Extraction on Upload (state=validating)
2026-02-12 00:55:55,017 [INFO]
  Phase: VALIDATE (full TDD validation for T127)
2026-02-12 00:55:55,017 [DEBUG] STRUCTURED: {"event": "phase_start", "timestamp": "2026-02-11T23:55:55.017469+00:00", "task_id": 127, "phase": "validate"}
2026-02-12 00:55:55,017 [INFO]     Running: just tdd-complete T127
2026-02-12 00:57:35,364 [DEBUG]     just tdd-complete T127 -> FAILED (exit 1)
2026-02-12 00:57:35,365 [DEBUG]     Output:
tests/test_regression.py::TestDITracksPages::test_di_tracks_browse_page_returns_200
ERROR tests/test_regression.py::TestDITracksPages::test_di_tracks_library_page_redirects_to_login
ERROR tests/test_regression.py::TestShootoutPages::test_shootout_wizard_redirects_to_login
ERROR tests/test_regression.py::TestShootoutPages::test_shootout_detail_page_with_valid_id
ERROR tests/test_regression.py::TestShootoutPages::test_shootouts_browse_page_returns_200
ERROR tests/test_regression.py::TestGearPages::test_gear_detail_page_with_valid_slug
ERROR tests/test_regression.py::TestGearPages::test_gear_browse_page_returns_200
ERROR tests/test_regression.py::TestLibraryPages::test_library_chains_redirects_to_login
ERROR tests/test_regression.py::TestLibraryPages::test_library_my_gear_redirects_to_login
ERROR tests/test_regression.py::TestLibraryPages::test_library_shootouts_redirects_to_login
ERROR tests/test_regression.py::TestLibraryPages::test_library_chain_groups_returns_404
ERROR tests/test_regression.py::TestHTMXFragments::test_gear_list_fragment_returns_200
ERROR tests/test_regression.py::TestHTMXFragments::test_library_my_gear_list_fragment_returns_200
ERROR tests/test_regression.py::TestHTMXFragments::test_library_chains_list_fragment_returns_200
ERROR tests/test_regression.py::TestHTMXFragments::test_library_shootouts_list_fragment_returns_200
ERROR tests/test_regression.py::TestHTMXFragments::test_my_gear_results_fragment_returns_200
ERROR tests/test_regression.py::TestHTMXFragments::test_di_tracks_results_fragment_returns_200
ERROR tests/test_regression.py::TestHTMXFragments::test_library_tracks_fragment_returns_200
ERROR tests/test_regression.py::TestHTMXFragments::test_library_chains_fragment_returns_200
ERROR tests/test_regression.py::TestHTMXFragments::test_library_shootouts_fragment_returns_200
ERROR tests/test_regression.py::TestHTMXFragments::test_library_groups_fragment_returns_200
ERROR tests/test_regression.py::TestHTMXFragments::test_shootout_create_chains_fragment_returns_200
ERROR tests/test_regression.py::TestHTMXFragments::test_shootout_create_ditracks_fragment_returns_200
ERROR tests/test_regression.py::TestHTMXFragments::test_shootouts_sections_fragment_returns_200
ERROR tests/test_remotion_player_rendering.py::TestRemotionPlayerRendering::test_how_to_video_renders
ERROR tests/test_remotion_player_rendering.py::TestRemotionPlayerRendering::test_remotion_player_no_ssr
ERROR tests/test_remotion_player_rendering.py::TestRemotionPlayerRendering::test_hero_animation_has_controls_or_autoplay
ERROR tests/test_remotion_player_rendering.py::TestRemotionPlayerRendering::test_no_console_errors_on_homepage
ERROR tests/test_remotion_player_rendering.py::TestRemotionPlayerAccessibility::test_how_to_video_has_testid
======================== 3 xfailed, 62 errors in 20.82s ========================
.env.local: line 10: UID: readonly variable
error: Recipe `test-golden-path` failed with exit code 1
error: Recipe `tdd-complete` failed with exit code 1

2026-02-12 00:57:35,365 [INFO]
2026-02-12 00:57:35,365 [INFO] ============================================================
2026-02-12 00:57:35,365 [INFO] EPIC HALTED — T127 failed at phase: validation_failed
2026-02-12 00:57:35,365 [INFO] ============================================================
2026-02-12 00:57:35,365 [INFO] Error report: /home/ryan/Work/guitar-tone-worktrees/95-phase-4-completion-di-tracks-groups-shoo/.tasks/projects/guitar-tone-shootout/epics/E95/logs/errors/T127_validation_failed_20260211_235735.md
2026-02-12 00:57:35,365 [INFO]
2026-02-12 00:57:35,365 [INFO] Last output:
2026-02-12 00:57:35,366 [INFO]   ERROR tests/test_golden_path.py::TestNotFound::test_gear_nonexistent_slug - p...
2026-02-12 00:57:35,366 [INFO]   ERROR tests/test_golden_path.py::TestNotFound::test_nonexistent_page - playwr...
2026-02-12 00:57:35,366 [INFO]   ERROR tests/test_golden_path.py::TestGearDataPresent::test_gear_api_returns_minimum_count
2026-02-12 00:57:35,366 [INFO]   ERROR tests/test_golden_path.py::TestGearSSRContent::test_gear_browse_has_pack_cards
2026-02-12 00:57:35,366 [INFO]   ERROR tests/test_golden_path.py::TestGearSSRContent::test_gear_browse_has_pagination
2026-02-12 00:57:35,366 [INFO]   ERROR tests/test_golden_path.py::TestGearSSRContent::test_gear_browse_no_htmx_loading
2026-02-12 00:57:35,366 [INFO]   ERROR tests/test_golden_path.py::TestGearSSRContent::test_gear_packs_have_models
2026-02-12 00:57:35,366 [INFO]   ERROR tests/test_regression.py::TestDITracksPages::test_di_tracks_browse_page_returns_200
2026-02-12 00:57:35,366 [INFO]   ERROR tests/test_regression.py::TestDITracksPages::test_di_tracks_library_page_redirects_to_login
2026-02-12 00:57:35,366 [INFO]   ERROR tests/test_regression.py::TestShootoutPages::test_shootout_wizard_redirects_to_login
2026-02-12 00:57:35,366 [INFO]   ERROR tests/test_regression.py::TestShootoutPages::test_shootout_detail_page_with_valid_id
2026-02-12 00:57:35,366 [INFO]   ERROR tests/test_regression.py::TestShootoutPages::test_shootouts_browse_page_returns_200
2026-02-12 00:57:35,366 [INFO]   ERROR tests/test_regression.py::TestGearPages::test_gear_detail_page_with_valid_slug
2026-02-12 00:57:35,366 [INFO]   ERROR tests/test_regression.py::TestGearPages::test_gear_browse_page_returns_200
2026-02-12 00:57:35,366 [INFO]   ERROR tests/test_regression.py::TestLibraryPages::test_library_chains_redirects_to_login
2026-02-12 00:57:35,366 [INFO]   ERROR tests/test_regression.py::TestLibraryPages::test_library_my_gear_redirects_to_login
2026-02-12 00:57:35,366 [INFO]   ERROR tests/test_regression.py::TestLibraryPages::test_library_shootouts_redirects_to_login
2026-02-12 00:57:35,366 [INFO]   ERROR tests/test_regression.py::TestLibraryPages::test_library_chain_groups_returns_404
2026-02-12 00:57:35,366 [INFO]   ERROR tests/test_regression.py::TestHTMXFragments::test_gear_list_fragment_returns_200
2026-02-12 00:57:35,366 [INFO]   ERROR tests/test_regression.py::TestHTMXFragments::test_library_my_gear_list_fragment_returns_200
2026-02-12 00:57:35,366 [INFO]   ERROR tests/test_regression.py::TestHTMXFragments::test_library_chains_list_fragment_returns_200
2026-02-12 00:57:35,367 [INFO]   ERROR tests/test_regression.py::TestHTMXFragments::test_library_shootouts_list_fragment_returns_200
2026-02-12 00:57:35,367 [INFO]   ERROR tests/test_regression.py::TestHTMXFragments::test_my_gear_results_fragment_returns_200
2026-02-12 00:57:35,367 [INFO]   ERROR tests/test_regression.py::TestHTMXFragments::test_di_tracks_results_fragment_returns_200
2026-02-12 00:57:35,367 [INFO]   ERROR tests/test_regression.py::TestHTMXFragments::test_library_tracks_fragment_returns_200
2026-02-12 00:57:35,367 [INFO]   ERROR tests/test_regression.py::TestHTMXFragments::test_library_chains_fragment_returns_200
2026-02-12 00:57:35,367 [INFO]   ERROR tests/test_regression.py::TestHTMXFragments::test_library_shootouts_fragment_returns_200
2026-02-12 00:57:35,367 [INFO]   ERROR tests/test_regression.py::TestHTMXFragments::test_library_groups_fragment_returns_200
2026-02-12 00:57:35,367 [INFO]   ERROR tests/test_regression.py::TestHTMXFragments::test_shootout_create_chains_fragment_returns_200
2026-02-12 00:57:35,367 [INFO]   ERROR tests/test_regression.py::TestHTMXFragments::test_shootout_create_ditracks_fragment_returns_200
2026-02-12 00:57:35,367 [INFO]   ERROR tests/test_regression.py::TestHTMXFragments::test_shootouts_sections_fragment_returns_200
2026-02-12 00:57:35,367 [INFO]   ERROR tests/test_remotion_player_rendering.py::TestRemotionPlayerRendering::test_how_to_video_renders
2026-02-12 00:57:35,367 [INFO]   ERROR tests/test_remotion_player_rendering.py::TestRemotionPlayerRendering::test_remotion_player_no_ssr
2026-02-12 00:57:35,367 [INFO]   ERROR tests/test_remotion_player_rendering.py::TestRemotionPlayerRendering::test_hero_animation_has_controls_or_autoplay
2026-02-12 00:57:35,367 [INFO]   ERROR tests/test_remotion_player_rendering.py::TestRemotionPlayerRendering::test_no_console_errors_on_homepage
2026-02-12 00:57:35,367 [INFO]   ERROR tests/test_remotion_player_rendering.py::TestRemotionPlayerAccessibility::test_how_to_video_has_testid
2026-02-12 00:57:35,367 [INFO]   ======================== 3 xfailed, 62 errors in 20.82s ========================
2026-02-12 00:57:35,367 [INFO]   .env.local: line 10: UID: readonly variable
2026-02-12 00:57:35,367 [INFO]   error: Recipe `test-golden-path` failed with exit code 1
2026-02-12 00:57:35,367 [INFO]   error: Recipe `tdd-complete` failed with exit code 1
2026-02-12 00:57:35,367 [INFO]
2026-02-12 00:57:35,367 [INFO] To retry, fix the issue and re-run: python scripts/run_epic.py run <epic>
