2026-02-12 03:16:49,151 [INFO] Session log: /home/ryan/Work/guitar-tone-worktrees/95-phase-4-completion-di-tracks-groups-shoo/.tasks/projects/guitar-tone-shootout/epics/E95/logs/session_20260212_021649.log
2026-02-12 03:16:49,151 [INFO] Starting TDD state machine for Epic E95
2026-02-12 03:16:49,151 [INFO]   Tasks dir: /home/ryan/Work/guitar-tone-worktrees/95-phase-4-completion-di-tracks-groups-shoo/.tasks/projects/guitar-tone-shootout/epics/E95
2026-02-12 03:16:49,151 [INFO]   Max iterations: 50
2026-02-12 03:16:49,151 [INFO]   Dry run: False
2026-02-12 03:16:49,151 [INFO]
2026-02-12 03:16:49,151 [INFO] === Iteration 1 ===
2026-02-12 03:16:49,166 [INFO]   Next task: T131 — Tag CRUD API (state=validating)
2026-02-12 03:16:49,352 [INFO]
  Phase: VALIDATE (full TDD validation for T131)
2026-02-12 03:16:49,352 [DEBUG] STRUCTURED: {"event": "phase_start", "timestamp": "2026-02-12T02:16:49.352849+00:00", "task_id": 131, "phase": "validate"}
2026-02-12 03:16:49,353 [INFO]     Running: just tdd-complete T131
2026-02-12 03:18:15,045 [DEBUG]     just tdd-complete T131 -> FAILED (exit 1)
2026-02-12 03:18:15,045 [DEBUG]     Output:
oesn't verify correctness
! tests/integration/webapp/repositories/test_signal_chain_repository.py:204 [weak_assertion]
  Weak assertion: 'is not None' doesn't verify correctness
! tests/integration/webapp/repositories/test_gear_repository.py:123 [weak_assertion]
  Weak assertion: 'is not None' doesn't verify correctness
! tests/integration/webapp/repositories/test_gear_repository.py:156 [weak_assertion]
  Weak assertion: 'is not None' doesn't verify correctness
! tests/integration/webapp/repositories/test_gear_repository.py:197 [weak_assertion]
  Weak assertion: 'is not None' doesn't verify correctness
! tests/integration/webapp/repositories/test_gear_repository.py:231 [weak_assertion]
  Weak assertion: 'is not None' doesn't verify correctness
! tests/integration/webapp/repositories/test_gear_repository.py:260 [weak_assertion]
  Weak assertion: 'is not None' doesn't verify correctness
! tests/integration/webapp/repositories/test_user_repository.py:120 [weak_assertion]
  Weak assertion: 'is not None' doesn't verify correctness
! tests/integration/webapp/repositories/test_user_repository.py:164 [weak_assertion]
  Weak assertion: 'is not None' doesn't verify correctness
! tests/integration/webapp/repositories/test_user_repository.py:201 [weak_assertion]
  Weak assertion: 'is not None' doesn't verify correctness
! tests/integration/webapp/repositories/test_user_repository.py:249 [weak_assertion]
  Weak assertion: 'is not None' doesn't verify correctness
! tests/integration/webapp/repositories/test_user_repository.py:255 [weak_assertion]
  Weak assertion: 'is not None' doesn't verify correctness
! tests/e2e/python/tests/test_regression.py:71 [weak_assertion]
  Weak assertion: 'is not None' doesn't verify correctness
! tests/e2e/python/tests/test_regression.py:75 [skipped_test]
  Programmatically skipped test

Errors: 946, Warnings: 255
Test quality check failed
4. Running regression tests...
→ Running internal stack regression tests...
============================= test session starts ==============================
platform linux -- Python 3.14.3, pytest-9.0.2, pluggy-1.6.0
rootdir: /app
configfile: pyproject.toml
plugins: cov-7.0.0, anyio-4.12.1, asyncio-1.3.0
asyncio: mode=Mode.AUTO, debug=False, asyncio_default_fixture_loop_scope=function, asyncio_default_test_loop_scope=function
collected 15 items

tests/regression/test_chain_builder_route.py ......                      [ 40%]
tests/regression/test_quality_gates_t46.py .                             [ 46%]
tests/regression/test_stack.py ........                                  [100%]

============================== 15 passed in 0.61s ==============================

→ Testing external endpoint: https://95.tone-shootout.com
→ Traefik detected: Testing SSL endpoint...
  ✗ SSL endpoint not responding: https://95.tone-shootout.com
    Check Traefik logs: cd deploy/traefik && docker compose logs
error: Recipe `test-regression` failed with exit code 1
error: Recipe `tdd-complete` failed with exit code 1

2026-02-12 03:18:15,045 [INFO]
2026-02-12 03:18:15,045 [INFO] ============================================================
2026-02-12 03:18:15,046 [INFO] EPIC HALTED — T131 failed at phase: validation_failed
2026-02-12 03:18:15,046 [INFO] ============================================================
2026-02-12 03:18:15,046 [INFO] Error report: /home/ryan/Work/guitar-tone-worktrees/95-phase-4-completion-di-tracks-groups-shoo/.tasks/projects/guitar-tone-shootout/epics/E95/logs/errors/T131_validation_failed_20260212_021815.md
2026-02-12 03:18:15,046 [INFO]
2026-02-12 03:18:15,046 [INFO] Last output:
2026-02-12 03:18:15,046 [INFO]     Weak assertion: 'is not None' doesn't verify correctness
2026-02-12 03:18:15,046 [INFO]   ! tests/integration/webapp/repositories/test_user_repository.py:120 [weak_assertion]
2026-02-12 03:18:15,046 [INFO]     Weak assertion: 'is not None' doesn't verify correctness
2026-02-12 03:18:15,046 [INFO]   ! tests/integration/webapp/repositories/test_user_repository.py:164 [weak_assertion]
2026-02-12 03:18:15,046 [INFO]     Weak assertion: 'is not None' doesn't verify correctness
2026-02-12 03:18:15,046 [INFO]   ! tests/integration/webapp/repositories/test_user_repository.py:201 [weak_assertion]
2026-02-12 03:18:15,046 [INFO]     Weak assertion: 'is not None' doesn't verify correctness
2026-02-12 03:18:15,046 [INFO]   ! tests/integration/webapp/repositories/test_user_repository.py:249 [weak_assertion]
2026-02-12 03:18:15,046 [INFO]     Weak assertion: 'is not None' doesn't verify correctness
2026-02-12 03:18:15,046 [INFO]   ! tests/integration/webapp/repositories/test_user_repository.py:255 [weak_assertion]
2026-02-12 03:18:15,046 [INFO]     Weak assertion: 'is not None' doesn't verify correctness
2026-02-12 03:18:15,046 [INFO]   ! tests/e2e/python/tests/test_regression.py:71 [weak_assertion]
2026-02-12 03:18:15,046 [INFO]     Weak assertion: 'is not None' doesn't verify correctness
2026-02-12 03:18:15,046 [INFO]   ! tests/e2e/python/tests/test_regression.py:75 [skipped_test]
2026-02-12 03:18:15,046 [INFO]     Programmatically skipped test
2026-02-12 03:18:15,046 [INFO]
2026-02-12 03:18:15,046 [INFO]   Errors: 946, Warnings: 255
2026-02-12 03:18:15,046 [INFO]   Test quality check failed
2026-02-12 03:18:15,046 [INFO]   4. Running regression tests...
2026-02-12 03:18:15,046 [INFO]   → Running internal stack regression tests...
2026-02-12 03:18:15,046 [INFO]   ============================= test session starts ==============================
2026-02-12 03:18:15,046 [INFO]   platform linux -- Python 3.14.3, pytest-9.0.2, pluggy-1.6.0
2026-02-12 03:18:15,046 [INFO]   rootdir: /app
2026-02-12 03:18:15,046 [INFO]   configfile: pyproject.toml
2026-02-12 03:18:15,046 [INFO]   plugins: cov-7.0.0, anyio-4.12.1, asyncio-1.3.0
2026-02-12 03:18:15,046 [INFO]   asyncio: mode=Mode.AUTO, debug=False, asyncio_default_fixture_loop_scope=function, asyncio_default_test_loop_scope=function
2026-02-12 03:18:15,046 [INFO]   collected 15 items
2026-02-12 03:18:15,046 [INFO]
2026-02-12 03:18:15,046 [INFO]   tests/regression/test_chain_builder_route.py ......                      [ 40%]
2026-02-12 03:18:15,046 [INFO]   tests/regression/test_quality_gates_t46.py .                             [ 46%]
2026-02-12 03:18:15,046 [INFO]   tests/regression/test_stack.py ........                                  [100%]
2026-02-12 03:18:15,046 [INFO]
2026-02-12 03:18:15,046 [INFO]   ============================== 15 passed in 0.61s ==============================
2026-02-12 03:18:15,046 [INFO]
2026-02-12 03:18:15,047 [INFO]   → Testing external endpoint: https://95.tone-shootout.com
2026-02-12 03:18:15,047 [INFO]   → Traefik detected: Testing SSL endpoint...
2026-02-12 03:18:15,047 [INFO]     ✗ SSL endpoint not responding: https://95.tone-shootout.com
2026-02-12 03:18:15,047 [INFO]       Check Traefik logs: cd deploy/traefik && docker compose logs
2026-02-12 03:18:15,047 [INFO]   error: Recipe `test-regression` failed with exit code 1
2026-02-12 03:18:15,047 [INFO]   error: Recipe `tdd-complete` failed with exit code 1
2026-02-12 03:18:15,047 [INFO]
2026-02-12 03:18:15,047 [INFO] To retry, fix the issue and re-run: python scripts/run_epic.py run <epic>
