2026-02-11 21:49:50,226 [INFO] Session log: /home/ryan/Work/guitar-tone-worktrees/95-phase-4-completion-di-tracks-groups-shoo/.tasks/projects/guitar-tone-shootout/epics/E95/logs/session_20260211_204950.log
2026-02-11 21:49:50,226 [INFO] Starting TDD state machine for Epic E95
2026-02-11 21:49:50,226 [INFO]   Tasks dir: /home/ryan/Work/guitar-tone-worktrees/95-phase-4-completion-di-tracks-groups-shoo/.tasks/projects/guitar-tone-shootout/epics/E95
2026-02-11 21:49:50,226 [INFO]   Max iterations: 50
2026-02-11 21:49:50,226 [INFO]   Dry run: False
2026-02-11 21:49:50,226 [INFO]
2026-02-11 21:49:50,226 [INFO] === Iteration 1 ===
2026-02-11 21:49:50,228 [INFO]   Next task: T119 — Settings/Account Page (state=validating)
2026-02-11 21:49:50,446 [INFO]
  Phase: VALIDATE (full TDD validation for T119)
2026-02-11 21:49:50,447 [DEBUG] STRUCTURED: {"event": "phase_start", "timestamp": "2026-02-11T20:49:50.447064+00:00", "task_id": 119, "phase": "validate"}
2026-02-11 21:49:50,447 [INFO]     Running: just tdd-complete T119
2026-02-11 21:51:06,438 [DEBUG]     just tdd-complete T119 -> FAILED (exit 1)
2026-02-11 21:51:06,438 [DEBUG]     Output:
renders_base_layout - Pre-existing: template assertions need update
XPASS tests/integration/webapp/test_library_page_route.py::TestLibraryMyGearPageRoute::test_library_my_gear_has_htmx_attributes - Pre-existing: template assertions need update
XPASS tests/integration/webapp/test_library_page_route.py::TestLibraryMyGearPageRoute::test_library_my_gear_shows_gear_type_filter - Pre-existing: template assertions need update
FAILED tests/unit/worker/test_gts_admin_cli.py::TestGtsAdminCLIExists::test_script_exists_and_is_importable
FAILED tests/unit/worker/test_gts_admin_cli.py::TestGtsAdminCLIExists::test_script_has_cli_parser
FAILED tests/unit/worker/test_gts_admin_cli.py::TestGtsAdminSourceStatus::test_source_status_calls_correct_endpoint
FAILED tests/unit/worker/test_gts_admin_cli.py::TestGtsAdminSourceStatus::test_source_status_displays_table_format
FAILED tests/unit/worker/test_gts_admin_cli.py::TestGtsAdminSourceSync::test_source_sync_calls_correct_endpoint
FAILED tests/unit/worker/test_gts_admin_cli.py::TestGtsAdminSourceSync::test_source_sync_shows_confirmation
FAILED tests/unit/worker/test_gts_admin_cli.py::TestGtsAdminJobs::test_jobs_calls_correct_endpoint_without_filter
FAILED tests/unit/worker/test_gts_admin_cli.py::TestGtsAdminJobs::test_jobs_calls_correct_endpoint_with_status_filter
FAILED tests/unit/worker/test_gts_admin_cli.py::TestGtsAdminJobs::test_jobs_displays_table_format
FAILED tests/unit/worker/test_gts_admin_cli.py::TestGtsAdminJobHealth::test_job_health_calls_health_endpoint
FAILED tests/unit/worker/test_gts_admin_cli.py::TestGtsAdminJobHealth::test_job_health_displays_redis_db_uptime
FAILED tests/unit/worker/test_gts_admin_cli.py::TestGtsAdminUnlockSync::test_unlock_sync_calls_correct_endpoint
FAILED tests/unit/worker/test_gts_admin_cli.py::TestGtsAdminUnlockSync::test_unlock_sync_displays_confirmation
FAILED tests/unit/worker/test_gts_admin_cli.py::TestGtsAdminUnlockScheduler::test_unlock_scheduler_calls_correct_endpoint
FAILED tests/unit/worker/test_gts_admin_cli.py::TestGtsAdminUnlockScheduler::test_unlock_scheduler_displays_confirmation
FAILED tests/unit/worker/test_gts_admin_cli.py::TestGtsAdminConnectionErrors::test_connection_error_produces_clear_message
FAILED tests/unit/worker/test_gts_admin_cli.py::TestGtsAdminConnectionErrors::test_http_error_displays_status_code
FAILED tests/unit/worker/test_gts_admin_cli.py::TestGtsAdminDockerAndHostURLs::test_uses_docker_internal_url_by_default
FAILED tests/unit/worker/test_gts_admin_cli.py::TestGtsAdminDockerAndHostURLs::test_supports_localhost_override
FAILED tests/unit/worker/test_gts_admin_cli.py::TestGtsAdminMainEntryPoint::test_main_parses_subcommands
FAILED tests/unit/worker/test_gts_admin_cli.py::TestGtsAdminMainEntryPoint::test_main_routes_to_correct_functions
= 21 failed, 1574 passed, 20 skipped, 92 deselected, 72 xfailed, 33 xpassed, 42 warnings in 71.22s (0:01:11) =
error: Recipe `tdd-green` failed with exit code 1
error: Recipe `tdd-complete` failed with exit code 1

2026-02-11 21:51:06,438 [INFO]
2026-02-11 21:51:06,438 [INFO] ============================================================
2026-02-11 21:51:06,438 [INFO] EPIC HALTED — T119 failed at phase: validation_failed
2026-02-11 21:51:06,438 [INFO] ============================================================
2026-02-11 21:51:06,438 [INFO] Error report: /home/ryan/Work/guitar-tone-worktrees/95-phase-4-completion-di-tracks-groups-shoo/.tasks/projects/guitar-tone-shootout/epics/E95/logs/errors/T119_validation_failed_20260211_205106.md
2026-02-11 21:51:06,438 [INFO]
2026-02-11 21:51:06,438 [INFO] Last output:
2026-02-11 21:51:06,438 [INFO]   XPASS tests/unit/webapp/test_t3k_provider_t15.py::TestT3KProvider::test_t3k_provider_has_default_api_url - Pre-existing: T3K provider API changed
2026-02-11 21:51:06,438 [INFO]   XPASS tests/unit/webapp/test_t3k_provider_t15.py::TestT3KProvider::test_t3k_provider_token_exchange_includes_all_parameters - Pre-existing: T3K provider API changed
2026-02-11 21:51:06,438 [INFO]   XPASS tests/unit/webapp/test_t3k_provider_t15.py::TestT3KProvider::test_t3k_provider_user_info_includes_authorization_header - Pre-existing: T3K provider API changed
2026-02-11 21:51:06,438 [INFO]   XPASS tests/integration/video/test_remotion_typescript_compilation.py::TestTypeScriptCompilation::test_no_typescript_syntax_errors - Pre-existing: video node_modules not installed in webapp container
2026-02-11 21:51:06,438 [INFO]   XPASS tests/integration/video/test_remotion_typescript_compilation.py::TestTypeScriptCompilation::test_no_typescript_type_errors - Pre-existing: video node_modules not installed in webapp container
2026-02-11 21:51:06,438 [INFO]   XPASS tests/integration/video/test_remotion_typescript_compilation.py::TestRemotionStudioLaunch::test_remotion_config_exists - Pre-existing: video node_modules not installed in webapp container
2026-02-11 21:51:06,438 [INFO]   XPASS tests/integration/webapp/test_gear_page_routes.py::TestGearBrowsePageRoute::test_gear_browse_route_returns_html - Pre-existing: template assertions need update
2026-02-11 21:51:06,438 [INFO]   XPASS tests/integration/webapp/test_gear_page_routes.py::TestGearBrowsePageRoute::test_gear_browse_renders_base_layout - Pre-existing: template assertions need update
2026-02-11 21:51:06,438 [INFO]   XPASS tests/integration/webapp/test_gear_page_routes.py::TestGearDetailPageRoute::test_gear_detail_route_returns_html - Pre-existing: template assertions need update
2026-02-11 21:51:06,438 [INFO]   XPASS tests/integration/webapp/test_gear_page_routes.py::TestGearDetailPageRoute::test_gear_detail_renders_all_fields - Pre-existing: template assertions need update
2026-02-11 21:51:06,438 [INFO]   XPASS tests/integration/webapp/test_gear_page_routes.py::TestGearDetailPageRoute::test_gear_detail_returns_404_for_nonexistent_slug - Pre-existing: template assertions need update
2026-02-11 21:51:06,439 [INFO]   XPASS tests/integration/webapp/test_gear_page_routes.py::TestGearDetailPageRoute::test_gear_detail_returns_404_for_non_public_gear - Pre-existing: template assertions need update
2026-02-11 21:51:06,439 [INFO]   XPASS tests/integration/webapp/test_gear_page_routes.py::TestGearDetailPageRoute::test_gear_detail_renders_base_layout - Pre-existing: template assertions need update
2026-02-11 21:51:06,439 [INFO]   XPASS tests/integration/webapp/test_library_page_route.py::TestLibraryMyGearPageRoute::test_library_my_gear_renders_base_layout - Pre-existing: template assertions need update
2026-02-11 21:51:06,439 [INFO]   XPASS tests/integration/webapp/test_library_page_route.py::TestLibraryMyGearPageRoute::test_library_my_gear_has_htmx_attributes - Pre-existing: template assertions need update
2026-02-11 21:51:06,439 [INFO]   XPASS tests/integration/webapp/test_library_page_route.py::TestLibraryMyGearPageRoute::test_library_my_gear_shows_gear_type_filter - Pre-existing: template assertions need update
2026-02-11 21:51:06,439 [INFO]   FAILED tests/unit/worker/test_gts_admin_cli.py::TestGtsAdminCLIExists::test_script_exists_and_is_importable
2026-02-11 21:51:06,439 [INFO]   FAILED tests/unit/worker/test_gts_admin_cli.py::TestGtsAdminCLIExists::test_script_has_cli_parser
2026-02-11 21:51:06,439 [INFO]   FAILED tests/unit/worker/test_gts_admin_cli.py::TestGtsAdminSourceStatus::test_source_status_calls_correct_endpoint
2026-02-11 21:51:06,439 [INFO]   FAILED tests/unit/worker/test_gts_admin_cli.py::TestGtsAdminSourceStatus::test_source_status_displays_table_format
2026-02-11 21:51:06,439 [INFO]   FAILED tests/unit/worker/test_gts_admin_cli.py::TestGtsAdminSourceSync::test_source_sync_calls_correct_endpoint
2026-02-11 21:51:06,439 [INFO]   FAILED tests/unit/worker/test_gts_admin_cli.py::TestGtsAdminSourceSync::test_source_sync_shows_confirmation
2026-02-11 21:51:06,439 [INFO]   FAILED tests/unit/worker/test_gts_admin_cli.py::TestGtsAdminJobs::test_jobs_calls_correct_endpoint_without_filter
2026-02-11 21:51:06,439 [INFO]   FAILED tests/unit/worker/test_gts_admin_cli.py::TestGtsAdminJobs::test_jobs_calls_correct_endpoint_with_status_filter
2026-02-11 21:51:06,439 [INFO]   FAILED tests/unit/worker/test_gts_admin_cli.py::TestGtsAdminJobs::test_jobs_displays_table_format
2026-02-11 21:51:06,439 [INFO]   FAILED tests/unit/worker/test_gts_admin_cli.py::TestGtsAdminJobHealth::test_job_health_calls_health_endpoint
2026-02-11 21:51:06,439 [INFO]   FAILED tests/unit/worker/test_gts_admin_cli.py::TestGtsAdminJobHealth::test_job_health_displays_redis_db_uptime
2026-02-11 21:51:06,439 [INFO]   FAILED tests/unit/worker/test_gts_admin_cli.py::TestGtsAdminUnlockSync::test_unlock_sync_calls_correct_endpoint
2026-02-11 21:51:06,439 [INFO]   FAILED tests/unit/worker/test_gts_admin_cli.py::TestGtsAdminUnlockSync::test_unlock_sync_displays_confirmation
2026-02-11 21:51:06,439 [INFO]   FAILED tests/unit/worker/test_gts_admin_cli.py::TestGtsAdminUnlockScheduler::test_unlock_scheduler_calls_correct_endpoint
2026-02-11 21:51:06,439 [INFO]   FAILED tests/unit/worker/test_gts_admin_cli.py::TestGtsAdminUnlockScheduler::test_unlock_scheduler_displays_confirmation
2026-02-11 21:51:06,439 [INFO]   FAILED tests/unit/worker/test_gts_admin_cli.py::TestGtsAdminConnectionErrors::test_connection_error_produces_clear_message
2026-02-11 21:51:06,439 [INFO]   FAILED tests/unit/worker/test_gts_admin_cli.py::TestGtsAdminConnectionErrors::test_http_error_displays_status_code
2026-02-11 21:51:06,439 [INFO]   FAILED tests/unit/worker/test_gts_admin_cli.py::TestGtsAdminDockerAndHostURLs::test_uses_docker_internal_url_by_default
2026-02-11 21:51:06,439 [INFO]   FAILED tests/unit/worker/test_gts_admin_cli.py::TestGtsAdminDockerAndHostURLs::test_supports_localhost_override
2026-02-11 21:51:06,439 [INFO]   FAILED tests/unit/worker/test_gts_admin_cli.py::TestGtsAdminMainEntryPoint::test_main_parses_subcommands
2026-02-11 21:51:06,439 [INFO]   FAILED tests/unit/worker/test_gts_admin_cli.py::TestGtsAdminMainEntryPoint::test_main_routes_to_correct_functions
2026-02-11 21:51:06,439 [INFO]   = 21 failed, 1574 passed, 20 skipped, 92 deselected, 72 xfailed, 33 xpassed, 42 warnings in 71.22s (0:01:11) =
2026-02-11 21:51:06,439 [INFO]   error: Recipe `tdd-green` failed with exit code 1
2026-02-11 21:51:06,439 [INFO]   error: Recipe `tdd-complete` failed with exit code 1
2026-02-11 21:51:06,439 [INFO]
2026-02-11 21:51:06,439 [INFO] To retry, fix the issue and re-run: python scripts/run_epic.py run <epic>
