2026-02-12 01:02:26,470 [INFO] Session log: /home/ryan/Work/guitar-tone-worktrees/95-phase-4-completion-di-tracks-groups-shoo/.tasks/projects/guitar-tone-shootout/epics/E95/logs/session_20260212_000226.log
2026-02-12 01:02:26,470 [INFO] Starting TDD state machine for Epic E95
2026-02-12 01:02:26,470 [INFO]   Tasks dir: /home/ryan/Work/guitar-tone-worktrees/95-phase-4-completion-di-tracks-groups-shoo/.tasks/projects/guitar-tone-shootout/epics/E95
2026-02-12 01:02:26,470 [INFO]   Max iterations: 50
2026-02-12 01:02:26,470 [INFO]   Dry run: False
2026-02-12 01:02:26,470 [INFO]
2026-02-12 01:02:26,471 [INFO] === Iteration 1 ===
2026-02-12 01:02:26,487 [INFO]   Next task: T127 — Waveform + Audio Metadata Extraction on Upload (state=validating)
2026-02-12 01:02:26,662 [INFO]
  Phase: VALIDATE (full TDD validation for T127)
2026-02-12 01:02:26,663 [DEBUG] STRUCTURED: {"event": "phase_start", "timestamp": "2026-02-12T00:02:26.662873+00:00", "task_id": 127, "phase": "validate"}
2026-02-12 01:02:26,663 [INFO]     Running: just tdd-complete T127
2026-02-12 01:04:44,719 [DEBUG]     just tdd-complete T127 -> FAILED (exit 1)
2026-02-12 01:04:44,719 [DEBUG]     Output:
_authenticated.TestAuthenticatedPages object at 0x7f190fc86c40>
auth_page = <Page url='about:blank'>
frontend_url = 'https://95.tone-shootout.com'
verified_auth = {'provider': 't3k', 'status': 'valid', 'username': 'existing_user', 'valid': True}

    async def test_library_di_tracks_loads(
        self, auth_page: Page, frontend_url: str, verified_auth: dict
    ) -> None:
        """Library DI tracks page loads for authenticated user."""
>       response = await auth_page.goto(f"{frontend_url}/library/di-tracks")
                   ^^^^^^^^^^^^^^^^^^^^^^^^^^^^^^^^^^^^^^^^^^^^^^^^^^^^^^^^^

tests/test_authenticated.py:47:
_ _ _ _ _ _ _ _ _ _ _ _ _ _ _ _ _ _ _ _ _ _ _ _ _ _ _ _ _ _ _ _ _ _ _ _ _ _ _ _
.venv/lib/python3.14/site-packages/playwright/async_api/_generated.py:9045: in goto
    await self._impl_obj.goto(
.venv/lib/python3.14/site-packages/playwright/_impl/_page.py:552: in goto
    return await self._main_frame.goto(**locals_to_params(locals()))
           ^^^^^^^^^^^^^^^^^^^^^^^^^^^^^^^^^^^^^^^^^^^^^^^^^^^^^^^^^
.venv/lib/python3.14/site-packages/playwright/_impl/_frame.py:153: in goto
    await self._channel.send(
.venv/lib/python3.14/site-packages/playwright/_impl/_connection.py:69: in send
    return await self._connection.wrap_api_call(
_ _ _ _ _ _ _ _ _ _ _ _ _ _ _ _ _ _ _ _ _ _ _ _ _ _ _ _ _ _ _ _ _ _ _ _ _ _ _ _

self = <playwright._impl._connection.Connection object at 0x7f190e490770>
cb = <function Channel.send.<locals>.<lambda> at 0x7f190e4bd430>
is_internal = False, title = None

    async def wrap_api_call(
        self, cb: Callable[[], Any], is_internal: bool = False, title: str = None
    ) -> Any:
        if self._api_zone.get():
            return await cb()
        task = asyncio.current_task(self._loop)
        st: List[inspect.FrameInfo] = getattr(
            task, "__pw_stack__", None
        ) or inspect.stack(0)

        parsed_st = _extract_stack_trace_information_from_stack(st, is_internal, title)
        self._api_zone.set(parsed_st)
        try:
            return await cb()
        except Exception as error:
>           raise rewrite_error(error, f"{parsed_st['apiName']}: {error}") from None
E           playwright._impl._errors.Error: Page.goto: net::ERR_NETWORK_CHANGED at https://95.tone-shootout.com/library/di-tracks
E           Call log:
E             - navigating to "https://95.tone-shootout.com/library/di-tracks", waiting until "load"

.venv/lib/python3.14/site-packages/playwright/_impl/_connection.py:559: Error
=========================== short test summary info ============================
FAILED tests/test_authenticated.py::TestAuthenticatedPages::test_library_shootouts_loads
FAILED tests/test_authenticated.py::TestAuthenticatedPages::test_library_di_tracks_loads
============= 2 failed, 59 passed, 1 skipped, 3 xfailed in 57.67s ==============
.env.local: line 10: UID: readonly variable
error: Recipe `test-golden-path` failed with exit code 1
error: Recipe `tdd-complete` failed with exit code 1

2026-02-12 01:04:44,720 [INFO]
2026-02-12 01:04:44,720 [INFO] ============================================================
2026-02-12 01:04:44,720 [INFO] EPIC HALTED — T127 failed at phase: validation_failed
2026-02-12 01:04:44,720 [INFO] ============================================================
2026-02-12 01:04:44,720 [INFO] Error report: /home/ryan/Work/guitar-tone-worktrees/95-phase-4-completion-di-tracks-groups-shoo/.tasks/projects/guitar-tone-shootout/epics/E95/logs/errors/T127_validation_failed_20260212_000444.md
2026-02-12 01:04:44,720 [INFO]
2026-02-12 01:04:44,720 [INFO] Last output:
2026-02-12 01:04:44,721 [INFO]       return await self._main_frame.goto(**locals_to_params(locals()))
2026-02-12 01:04:44,721 [INFO]              ^^^^^^^^^^^^^^^^^^^^^^^^^^^^^^^^^^^^^^^^^^^^^^^^^^^^^^^^^
2026-02-12 01:04:44,721 [INFO]   .venv/lib/python3.14/site-packages/playwright/_impl/_frame.py:153: in goto
2026-02-12 01:04:44,721 [INFO]       await self._channel.send(
2026-02-12 01:04:44,721 [INFO]   .venv/lib/python3.14/site-packages/playwright/_impl/_connection.py:69: in send
2026-02-12 01:04:44,721 [INFO]       return await self._connection.wrap_api_call(
2026-02-12 01:04:44,721 [INFO]   _ _ _ _ _ _ _ _ _ _ _ _ _ _ _ _ _ _ _ _ _ _ _ _ _ _ _ _ _ _ _ _ _ _ _ _ _ _ _ _
2026-02-12 01:04:44,721 [INFO]
2026-02-12 01:04:44,721 [INFO]   self = <playwright._impl._connection.Connection object at 0x7f190e490770>
2026-02-12 01:04:44,721 [INFO]   cb = <function Channel.send.<locals>.<lambda> at 0x7f190e4bd430>
2026-02-12 01:04:44,721 [INFO]   is_internal = False, title = None
2026-02-12 01:04:44,721 [INFO]
2026-02-12 01:04:44,721 [INFO]       async def wrap_api_call(
2026-02-12 01:04:44,721 [INFO]           self, cb: Callable[[], Any], is_internal: bool = False, title: str = None
2026-02-12 01:04:44,721 [INFO]       ) -> Any:
2026-02-12 01:04:44,721 [INFO]           if self._api_zone.get():
2026-02-12 01:04:44,721 [INFO]               return await cb()
2026-02-12 01:04:44,721 [INFO]           task = asyncio.current_task(self._loop)
2026-02-12 01:04:44,721 [INFO]           st: List[inspect.FrameInfo] = getattr(
2026-02-12 01:04:44,721 [INFO]               task, "__pw_stack__", None
2026-02-12 01:04:44,721 [INFO]           ) or inspect.stack(0)
2026-02-12 01:04:44,721 [INFO]
2026-02-12 01:04:44,721 [INFO]           parsed_st = _extract_stack_trace_information_from_stack(st, is_internal, title)
2026-02-12 01:04:44,721 [INFO]           self._api_zone.set(parsed_st)
2026-02-12 01:04:44,721 [INFO]           try:
2026-02-12 01:04:44,721 [INFO]               return await cb()
2026-02-12 01:04:44,721 [INFO]           except Exception as error:
2026-02-12 01:04:44,721 [INFO]   >           raise rewrite_error(error, f"{parsed_st['apiName']}: {error}") from None
2026-02-12 01:04:44,721 [INFO]   E           playwright._impl._errors.Error: Page.goto: net::ERR_NETWORK_CHANGED at https://95.tone-shootout.com/library/di-tracks
2026-02-12 01:04:44,721 [INFO]   E           Call log:
2026-02-12 01:04:44,721 [INFO]   E             - navigating to "https://95.tone-shootout.com/library/di-tracks", waiting until "load"
2026-02-12 01:04:44,721 [INFO]
2026-02-12 01:04:44,721 [INFO]   .venv/lib/python3.14/site-packages/playwright/_impl/_connection.py:559: Error
2026-02-12 01:04:44,721 [INFO]   =========================== short test summary info ============================
2026-02-12 01:04:44,721 [INFO]   FAILED tests/test_authenticated.py::TestAuthenticatedPages::test_library_shootouts_loads
2026-02-12 01:04:44,721 [INFO]   FAILED tests/test_authenticated.py::TestAuthenticatedPages::test_library_di_tracks_loads
2026-02-12 01:04:44,721 [INFO]   ============= 2 failed, 59 passed, 1 skipped, 3 xfailed in 57.67s ==============
2026-02-12 01:04:44,721 [INFO]   .env.local: line 10: UID: readonly variable
2026-02-12 01:04:44,721 [INFO]   error: Recipe `test-golden-path` failed with exit code 1
2026-02-12 01:04:44,721 [INFO]   error: Recipe `tdd-complete` failed with exit code 1
2026-02-12 01:04:44,722 [INFO]
2026-02-12 01:04:44,722 [INFO] To retry, fix the issue and re-run: python scripts/run_epic.py run <epic>
