2026-02-12 09:58:24,054 [INFO] Session log: /home/ryan/Work/guitar-tone-worktrees/95-phase-4-completion-di-tracks-groups-shoo/.tasks/projects/guitar-tone-shootout/epics/E95/logs/session_20260212_085824.log
2026-02-12 09:58:24,054 [INFO] Starting TDD state machine for Epic E95
2026-02-12 09:58:24,054 [INFO]   Tasks dir: /home/ryan/Work/guitar-tone-worktrees/95-phase-4-completion-di-tracks-groups-shoo/.tasks/projects/guitar-tone-shootout/epics/E95
2026-02-12 09:58:24,054 [INFO]   Max iterations: 50
2026-02-12 09:58:24,054 [INFO]   Dry run: False
2026-02-12 09:58:24,054 [INFO]
2026-02-12 09:58:24,054 [INFO] === Iteration 1 ===
2026-02-12 09:58:24,069 [INFO]   Next task: T143 — Full Regression + Golden Path (state=validating)
2026-02-12 09:58:24,241 [INFO]
  Phase: VALIDATE (full TDD validation for T143)
2026-02-12 09:58:24,241 [DEBUG] STRUCTURED: {"event": "phase_start", "timestamp": "2026-02-12T08:58:24.241060+00:00", "task_id": 143, "phase": "validate"}
2026-02-12 09:58:24,241 [INFO]     Running: just tdd-complete T143
2026-02-12 10:01:25,870 [DEBUG]     just tdd-complete T143 -> FAILED (exit 1)
2026-02-12 10:01:25,870 [DEBUG]     Output:
otout.com'

    async def test_irs_router_mounted(self, guest_page: Page, frontend_url: str) -> None:
        """IRs API is mounted (401 for unauth, not 404)."""
        response = await guest_page.request.get(f"{frontend_url}/api/v1/irs/")
        # IRs may require auth or return method not allowed — just not 404
>       assert response.status != 404, "irs router not mounted"
E       AssertionError: irs router not mounted
E       assert 404 != 404
E        +  where 404 = <APIResponse url='https://95.tone-shootout.com/api/v1/irs/' status=404 status_text='Not Found'>.status

tests/test_phase4_verification.py:66: AssertionError
_______________ TestCustomErrorPages.test_404_page_has_home_link _______________

self = <tests.e2e.python.tests.test_phase4_verification.TestCustomErrorPages object at 0x7f436aef42d0>
guest_page = <Page url='https://95.tone-shootout.com/does-not-exist-12345'>
frontend_url = 'https://95.tone-shootout.com'

    async def test_404_page_has_home_link(self, guest_page: Page, frontend_url: str) -> None:
        """404 page includes a link back to home."""
        await guest_page.goto(f"{frontend_url}/does-not-exist-12345")

        # Error page should have a link to home
        home_link = guest_page.locator('a[href="/"]')
        count = await home_link.count()
>       assert count > 0, "404 page should have a link to home"
E       AssertionError: 404 page should have a link to home
E       assert 0 > 0

tests/test_phase4_verification.py:144: AssertionError
=========================== short test summary info ============================
FAILED tests/test_phase4_regression_t143.py::TestShootoutWizardE2E::test_shootout_create_page_loads
FAILED tests/test_phase4_regression_t143.py::TestShootoutWizardE2E::test_shootout_wizard_has_step_indicators
FAILED tests/test_phase4_regression_t143.py::TestNoConsoleErrors::test_homepage_no_console_errors
FAILED tests/test_phase4_regression_t143.py::TestNoConsoleErrors::test_di_tracks_no_console_errors
FAILED tests/test_phase4_regression_t143.py::TestNoConsoleErrors::test_shootouts_no_console_errors
FAILED tests/test_phase4_regression_t143.py::TestNoConsoleErrors::test_login_no_console_errors
FAILED tests/test_phase4_regression_t143.py::TestNoConsoleErrors::test_about_no_console_errors
FAILED tests/test_phase4_regression_t143.py::TestIRUploadEndpoint::test_ir_upload_requires_auth
FAILED tests/test_phase4_regression_t143.py::TestIRUploadEndpoint::test_ir_upload_endpoint_accepts_multipart
FAILED tests/test_phase4_verification.py::TestAPIRoutersMounted::test_block_types_router_mounted
FAILED tests/test_phase4_verification.py::TestAPIRoutersMounted::test_irs_router_mounted
FAILED tests/test_phase4_verification.py::TestCustomErrorPages::test_404_page_has_home_link
======== 12 failed, 85 passed, 1 skipped, 3 xfailed in 80.65s (0:01:20) ========
.env.local: line 10: UID: readonly variable
error: Recipe `test-golden-path` failed with exit code 1
error: Recipe `tdd-complete` failed with exit code 1

2026-02-12 10:01:25,871 [INFO]
2026-02-12 10:01:25,871 [INFO] ============================================================
2026-02-12 10:01:25,871 [INFO] EPIC HALTED — T143 failed at phase: validation_failed
2026-02-12 10:01:25,871 [INFO] ============================================================
2026-02-12 10:01:25,871 [INFO] Error report: /home/ryan/Work/guitar-tone-worktrees/95-phase-4-completion-di-tracks-groups-shoo/.tasks/projects/guitar-tone-shootout/epics/E95/logs/errors/T143_validation_failed_20260212_090125.md
2026-02-12 10:01:25,871 [INFO]
2026-02-12 10:01:25,871 [INFO] Last output:
2026-02-12 10:01:25,871 [INFO]   E       AssertionError: irs router not mounted
2026-02-12 10:01:25,871 [INFO]   E       assert 404 != 404
2026-02-12 10:01:25,871 [INFO]   E        +  where 404 = <APIResponse url='https://95.tone-shootout.com/api/v1/irs/' status=404 status_text='Not Found'>.status
2026-02-12 10:01:25,871 [INFO]
2026-02-12 10:01:25,871 [INFO]   tests/test_phase4_verification.py:66: AssertionError
2026-02-12 10:01:25,871 [INFO]   _______________ TestCustomErrorPages.test_404_page_has_home_link _______________
2026-02-12 10:01:25,871 [INFO]
2026-02-12 10:01:25,871 [INFO]   self = <tests.e2e.python.tests.test_phase4_verification.TestCustomErrorPages object at 0x7f436aef42d0>
2026-02-12 10:01:25,871 [INFO]   guest_page = <Page url='https://95.tone-shootout.com/does-not-exist-12345'>
2026-02-12 10:01:25,871 [INFO]   frontend_url = 'https://95.tone-shootout.com'
2026-02-12 10:01:25,871 [INFO]
2026-02-12 10:01:25,871 [INFO]       async def test_404_page_has_home_link(self, guest_page: Page, frontend_url: str) -> None:
2026-02-12 10:01:25,871 [INFO]           """404 page includes a link back to home."""
2026-02-12 10:01:25,871 [INFO]           await guest_page.goto(f"{frontend_url}/does-not-exist-12345")
2026-02-12 10:01:25,871 [INFO]
2026-02-12 10:01:25,871 [INFO]           # Error page should have a link to home
2026-02-12 10:01:25,871 [INFO]           home_link = guest_page.locator('a[href="/"]')
2026-02-12 10:01:25,871 [INFO]           count = await home_link.count()
2026-02-12 10:01:25,871 [INFO]   >       assert count > 0, "404 page should have a link to home"
2026-02-12 10:01:25,871 [INFO]   E       AssertionError: 404 page should have a link to home
2026-02-12 10:01:25,872 [INFO]   E       assert 0 > 0
2026-02-12 10:01:25,872 [INFO]
2026-02-12 10:01:25,872 [INFO]   tests/test_phase4_verification.py:144: AssertionError
2026-02-12 10:01:25,872 [INFO]   =========================== short test summary info ============================
2026-02-12 10:01:25,872 [INFO]   FAILED tests/test_phase4_regression_t143.py::TestShootoutWizardE2E::test_shootout_create_page_loads
2026-02-12 10:01:25,872 [INFO]   FAILED tests/test_phase4_regression_t143.py::TestShootoutWizardE2E::test_shootout_wizard_has_step_indicators
2026-02-12 10:01:25,872 [INFO]   FAILED tests/test_phase4_regression_t143.py::TestNoConsoleErrors::test_homepage_no_console_errors
2026-02-12 10:01:25,872 [INFO]   FAILED tests/test_phase4_regression_t143.py::TestNoConsoleErrors::test_di_tracks_no_console_errors
2026-02-12 10:01:25,872 [INFO]   FAILED tests/test_phase4_regression_t143.py::TestNoConsoleErrors::test_shootouts_no_console_errors
2026-02-12 10:01:25,872 [INFO]   FAILED tests/test_phase4_regression_t143.py::TestNoConsoleErrors::test_login_no_console_errors
2026-02-12 10:01:25,872 [INFO]   FAILED tests/test_phase4_regression_t143.py::TestNoConsoleErrors::test_about_no_console_errors
2026-02-12 10:01:25,872 [INFO]   FAILED tests/test_phase4_regression_t143.py::TestIRUploadEndpoint::test_ir_upload_requires_auth
2026-02-12 10:01:25,872 [INFO]   FAILED tests/test_phase4_regression_t143.py::TestIRUploadEndpoint::test_ir_upload_endpoint_accepts_multipart
2026-02-12 10:01:25,872 [INFO]   FAILED tests/test_phase4_verification.py::TestAPIRoutersMounted::test_block_types_router_mounted
2026-02-12 10:01:25,872 [INFO]   FAILED tests/test_phase4_verification.py::TestAPIRoutersMounted::test_irs_router_mounted
2026-02-12 10:01:25,872 [INFO]   FAILED tests/test_phase4_verification.py::TestCustomErrorPages::test_404_page_has_home_link
2026-02-12 10:01:25,872 [INFO]   ======== 12 failed, 85 passed, 1 skipped, 3 xfailed in 80.65s (0:01:20) ========
2026-02-12 10:01:25,872 [INFO]   .env.local: line 10: UID: readonly variable
2026-02-12 10:01:25,872 [INFO]   error: Recipe `test-golden-path` failed with exit code 1
2026-02-12 10:01:25,872 [INFO]   error: Recipe `tdd-complete` failed with exit code 1
2026-02-12 10:01:25,872 [INFO]
2026-02-12 10:01:25,872 [INFO] To retry, fix the issue and re-run: python scripts/run_epic.py run <epic>
