2026-02-12 07:46:36,033 [INFO] Session log: /home/ryan/Work/guitar-tone-worktrees/95-phase-4-completion-di-tracks-groups-shoo/.tasks/projects/guitar-tone-shootout/epics/E95/logs/session_20260212_064636.log
2026-02-12 07:46:36,033 [INFO] Starting TDD state machine for Epic E95
2026-02-12 07:46:36,033 [INFO]   Tasks dir: /home/ryan/Work/guitar-tone-worktrees/95-phase-4-completion-di-tracks-groups-shoo/.tasks/projects/guitar-tone-shootout/epics/E95
2026-02-12 07:46:36,033 [INFO]   Max iterations: 50
2026-02-12 07:46:36,033 [INFO]   Dry run: False
2026-02-12 07:46:36,033 [INFO]
2026-02-12 07:46:36,033 [INFO] === Iteration 1 ===
2026-02-12 07:46:36,035 [INFO]   Next task: T139 — Comments HTMX Fragment on Shootout Detail (state=validating)
2026-02-12 07:46:36,218 [INFO]
  Phase: VALIDATE (full TDD validation for T139)
2026-02-12 07:46:36,219 [DEBUG] STRUCTURED: {"event": "phase_start", "timestamp": "2026-02-12T06:46:36.218863+00:00", "task_id": 139, "phase": "validate"}
2026-02-12 07:46:36,219 [INFO]     Running: just tdd-complete T139
2026-02-12 07:48:10,879 [DEBUG]     just tdd-complete T139 -> FAILED (exit 1)
2026-02-12 07:48:10,879 [DEBUG]     Output:
tests/unit/webapp/test_t3k_provider_t15.py::TestT3KProvider::test_t3k_provider_token_exchange_includes_all_parameters - Pre-existing: T3K provider API changed
XPASS tests/unit/webapp/test_t3k_provider_t15.py::TestT3KProvider::test_t3k_provider_user_info_includes_authorization_header - Pre-existing: T3K provider API changed
XPASS tests/integration/video/test_remotion_typescript_compilation.py::TestTypeScriptCompilation::test_no_typescript_syntax_errors - Pre-existing: video node_modules not installed in webapp container
XPASS tests/integration/video/test_remotion_typescript_compilation.py::TestTypeScriptCompilation::test_no_typescript_type_errors - Pre-existing: video node_modules not installed in webapp container
XPASS tests/integration/video/test_remotion_typescript_compilation.py::TestRemotionStudioLaunch::test_remotion_config_exists - Pre-existing: video node_modules not installed in webapp container
XPASS tests/integration/webapp/test_gear_page_routes.py::TestGearBrowsePageRoute::test_gear_browse_route_returns_html - Pre-existing: template assertions need update
XPASS tests/integration/webapp/test_gear_page_routes.py::TestGearBrowsePageRoute::test_gear_browse_renders_base_layout - Pre-existing: template assertions need update
XPASS tests/integration/webapp/test_gear_page_routes.py::TestGearDetailPageRoute::test_gear_detail_route_returns_html - Pre-existing: template assertions need update
XPASS tests/integration/webapp/test_gear_page_routes.py::TestGearDetailPageRoute::test_gear_detail_renders_all_fields - Pre-existing: template assertions need update
XPASS tests/integration/webapp/test_gear_page_routes.py::TestGearDetailPageRoute::test_gear_detail_returns_404_for_nonexistent_slug - Pre-existing: template assertions need update
XPASS tests/integration/webapp/test_gear_page_routes.py::TestGearDetailPageRoute::test_gear_detail_returns_404_for_non_public_gear - Pre-existing: template assertions need update
XPASS tests/integration/webapp/test_gear_page_routes.py::TestGearDetailPageRoute::test_gear_detail_renders_base_layout - Pre-existing: template assertions need update
XPASS tests/integration/webapp/test_library_page_route.py::TestLibraryMyGearPageRoute::test_library_my_gear_renders_base_layout - Pre-existing: template assertions need update
XPASS tests/integration/webapp/test_library_page_route.py::TestLibraryMyGearPageRoute::test_library_my_gear_has_htmx_attributes - Pre-existing: template assertions need update
XPASS tests/integration/webapp/test_library_page_route.py::TestLibraryMyGearPageRoute::test_library_my_gear_shows_gear_type_filter - Pre-existing: template assertions need update
= 1989 passed, 19 skipped, 157 deselected, 74 xfailed, 33 xpassed, 44 warnings in 90.12s (0:01:30) =
Tests passing
2. Verifying test files unchanged...
✗ 1 violation(s) detected:
  MODIFIED: tests/integration/webapp/test_shootout_comments_html_fragment.py
    Locked test file modified during implementation
error: Recipe `tdd-complete` failed with exit code 1

2026-02-12 07:48:10,879 [INFO]   Validation failed: test files modified by implementer. Auto-restoring...
