2026-02-12 06:52:47,272 [INFO] Session log: /home/ryan/Work/guitar-tone-worktrees/95-phase-4-completion-di-tracks-groups-shoo/.tasks/projects/guitar-tone-shootout/epics/E95/logs/session_20260212_055247.log
2026-02-12 06:52:47,272 [INFO] Starting TDD state machine for Epic E95
2026-02-12 06:52:47,272 [INFO]   Tasks dir: /home/ryan/Work/guitar-tone-worktrees/95-phase-4-completion-di-tracks-groups-shoo/.tasks/projects/guitar-tone-shootout/epics/E95
2026-02-12 06:52:47,272 [INFO]   Max iterations: 50
2026-02-12 06:52:47,272 [INFO]   Dry run: False
2026-02-12 06:52:47,272 [INFO]
2026-02-12 06:52:47,272 [INFO] === Iteration 1 ===
2026-02-12 06:52:47,288 [INFO]   Next task: T138 — Comments CRUD API (state=validating)
2026-02-12 06:52:47,487 [INFO]
  Phase: VALIDATE (full TDD validation for T138)
2026-02-12 06:52:47,488 [DEBUG] STRUCTURED: {"event": "phase_start", "timestamp": "2026-02-12T05:52:47.487870+00:00", "task_id": 138, "phase": "validate"}
2026-02-12 06:52:47,488 [INFO]     Running: just tdd-complete T138
2026-02-12 06:55:28,041 [DEBUG]     just tdd-complete T138 -> FAILED (exit 1)
2026-02-12 06:55:28,041 [DEBUG]     Output:
ering.py::TestRemotionPlayerAccessibility::test_how_to_video_has_testid PASSED [100%]

=================================== FAILURES ===================================
__________ TestHTMXFragments.test_library_tracks_fragment_returns_200 __________

self = <tests.e2e.python.tests.test_regression.TestHTMXFragments object at 0x7f7cdedfb790>
page = <Page url='about:blank'>, frontend_url = 'https://95.tone-shootout.com'

    async def test_library_tracks_fragment_returns_200(
        self, page: Page, frontend_url: str
    ) -> None:
        """Library tracks fragment endpoint returns 200."""
>       await page.goto(f"{frontend_url}/api/v1/html/library/tracks")

tests/test_regression.py:216:
_ _ _ _ _ _ _ _ _ _ _ _ _ _ _ _ _ _ _ _ _ _ _ _ _ _ _ _ _ _ _ _ _ _ _ _ _ _ _ _
.venv/lib/python3.14/site-packages/playwright/async_api/_generated.py:9045: in goto
    await self._impl_obj.goto(
.venv/lib/python3.14/site-packages/playwright/_impl/_page.py:552: in goto
    return await self._main_frame.goto(**locals_to_params(locals()))
           ^^^^^^^^^^^^^^^^^^^^^^^^^^^^^^^^^^^^^^^^^^^^^^^^^^^^^^^^^
.venv/lib/python3.14/site-packages/playwright/_impl/_frame.py:153: in goto
    await self._channel.send(
.venv/lib/python3.14/site-packages/playwright/_impl/_connection.py:69: in send
    return await self._connection.wrap_api_call(
_ _ _ _ _ _ _ _ _ _ _ _ _ _ _ _ _ _ _ _ _ _ _ _ _ _ _ _ _ _ _ _ _ _ _ _ _ _ _ _

self = <playwright._impl._connection.Connection object at 0x7f7cdcc0fa50>
cb = <function Channel.send.<locals>.<lambda> at 0x7f7cdcc61c70>
is_internal = False, title = None

    async def wrap_api_call(
        self, cb: Callable[[], Any], is_internal: bool = False, title: str = None
    ) -> Any:
        if self._api_zone.get():
            return await cb()
        task = asyncio.current_task(self._loop)
        st: List[inspect.FrameInfo] = getattr(
            task, "__pw_stack__", None
        ) or inspect.stack(0)

        parsed_st = _extract_stack_trace_information_from_stack(st, is_internal, title)
        self._api_zone.set(parsed_st)
        try:
            return await cb()
        except Exception as error:
>           raise rewrite_error(error, f"{parsed_st['apiName']}: {error}") from None
E           playwright._impl._errors.Error: Page.goto: net::ERR_NETWORK_CHANGED at https://95.tone-shootout.com/api/v1/html/library/tracks
E           Call log:
E             - navigating to "https://95.tone-shootout.com/api/v1/html/library/tracks", waiting until "load"

.venv/lib/python3.14/site-packages/playwright/_impl/_connection.py:559: Error
=========================== short test summary info ============================
FAILED tests/test_regression.py::TestHTMXFragments::test_library_tracks_fragment_returns_200
======== 1 failed, 60 passed, 1 skipped, 3 xfailed in 61.36s (0:01:01) =========
.env.local: line 10: UID: readonly variable
error: Recipe `test-golden-path` failed with exit code 1
error: Recipe `tdd-complete` failed with exit code 1

2026-02-12 06:55:28,042 [INFO]
2026-02-12 06:55:28,042 [INFO] ============================================================
2026-02-12 06:55:28,042 [INFO] EPIC HALTED — T138 failed at phase: validation_failed
2026-02-12 06:55:28,042 [INFO] ============================================================
2026-02-12 06:55:28,042 [INFO] Error report: /home/ryan/Work/guitar-tone-worktrees/95-phase-4-completion-di-tracks-groups-shoo/.tasks/projects/guitar-tone-shootout/epics/E95/logs/errors/T138_validation_failed_20260212_055528.md
2026-02-12 06:55:28,042 [INFO]
2026-02-12 06:55:28,042 [INFO] Last output:
2026-02-12 06:55:28,042 [INFO]   .venv/lib/python3.14/site-packages/playwright/_impl/_page.py:552: in goto
2026-02-12 06:55:28,042 [INFO]       return await self._main_frame.goto(**locals_to_params(locals()))
2026-02-12 06:55:28,042 [INFO]              ^^^^^^^^^^^^^^^^^^^^^^^^^^^^^^^^^^^^^^^^^^^^^^^^^^^^^^^^^
2026-02-12 06:55:28,042 [INFO]   .venv/lib/python3.14/site-packages/playwright/_impl/_frame.py:153: in goto
2026-02-12 06:55:28,042 [INFO]       await self._channel.send(
2026-02-12 06:55:28,042 [INFO]   .venv/lib/python3.14/site-packages/playwright/_impl/_connection.py:69: in send
2026-02-12 06:55:28,042 [INFO]       return await self._connection.wrap_api_call(
2026-02-12 06:55:28,042 [INFO]   _ _ _ _ _ _ _ _ _ _ _ _ _ _ _ _ _ _ _ _ _ _ _ _ _ _ _ _ _ _ _ _ _ _ _ _ _ _ _ _
2026-02-12 06:55:28,042 [INFO]
2026-02-12 06:55:28,042 [INFO]   self = <playwright._impl._connection.Connection object at 0x7f7cdcc0fa50>
2026-02-12 06:55:28,042 [INFO]   cb = <function Channel.send.<locals>.<lambda> at 0x7f7cdcc61c70>
2026-02-12 06:55:28,042 [INFO]   is_internal = False, title = None
2026-02-12 06:55:28,042 [INFO]
2026-02-12 06:55:28,042 [INFO]       async def wrap_api_call(
2026-02-12 06:55:28,042 [INFO]           self, cb: Callable[[], Any], is_internal: bool = False, title: str = None
2026-02-12 06:55:28,042 [INFO]       ) -> Any:
2026-02-12 06:55:28,042 [INFO]           if self._api_zone.get():
2026-02-12 06:55:28,042 [INFO]               return await cb()
2026-02-12 06:55:28,042 [INFO]           task = asyncio.current_task(self._loop)
2026-02-12 06:55:28,042 [INFO]           st: List[inspect.FrameInfo] = getattr(
2026-02-12 06:55:28,042 [INFO]               task, "__pw_stack__", None
2026-02-12 06:55:28,042 [INFO]           ) or inspect.stack(0)
2026-02-12 06:55:28,042 [INFO]
2026-02-12 06:55:28,042 [INFO]           parsed_st = _extract_stack_trace_information_from_stack(st, is_internal, title)
2026-02-12 06:55:28,042 [INFO]           self._api_zone.set(parsed_st)
2026-02-12 06:55:28,042 [INFO]           try:
2026-02-12 06:55:28,042 [INFO]               return await cb()
2026-02-12 06:55:28,042 [INFO]           except Exception as error:
2026-02-12 06:55:28,042 [INFO]   >           raise rewrite_error(error, f"{parsed_st['apiName']}: {error}") from None
2026-02-12 06:55:28,042 [INFO]   E           playwright._impl._errors.Error: Page.goto: net::ERR_NETWORK_CHANGED at https://95.tone-shootout.com/api/v1/html/library/tracks
2026-02-12 06:55:28,042 [INFO]   E           Call log:
2026-02-12 06:55:28,042 [INFO]   E             - navigating to "https://95.tone-shootout.com/api/v1/html/library/tracks", waiting until "load"
2026-02-12 06:55:28,042 [INFO]
2026-02-12 06:55:28,042 [INFO]   .venv/lib/python3.14/site-packages/playwright/_impl/_connection.py:559: Error
2026-02-12 06:55:28,042 [INFO]   =========================== short test summary info ============================
2026-02-12 06:55:28,042 [INFO]   FAILED tests/test_regression.py::TestHTMXFragments::test_library_tracks_fragment_returns_200
2026-02-12 06:55:28,043 [INFO]   ======== 1 failed, 60 passed, 1 skipped, 3 xfailed in 61.36s (0:01:01) =========
2026-02-12 06:55:28,043 [INFO]   .env.local: line 10: UID: readonly variable
2026-02-12 06:55:28,043 [INFO]   error: Recipe `test-golden-path` failed with exit code 1
2026-02-12 06:55:28,043 [INFO]   error: Recipe `tdd-complete` failed with exit code 1
2026-02-12 06:55:28,043 [INFO]
2026-02-12 06:55:28,043 [INFO] To retry, fix the issue and re-run: python scripts/run_epic.py run <epic>
