2026-02-11 23:44:06,731 [INFO] Session log: /home/ryan/Work/guitar-tone-worktrees/95-phase-4-completion-di-tracks-groups-shoo/.tasks/projects/guitar-tone-shootout/epics/E95/logs/session_20260211_224406.log
2026-02-11 23:44:06,731 [INFO] Starting TDD state machine for Epic E95
2026-02-11 23:44:06,731 [INFO]   Tasks dir: /home/ryan/Work/guitar-tone-worktrees/95-phase-4-completion-di-tracks-groups-shoo/.tasks/projects/guitar-tone-shootout/epics/E95
2026-02-11 23:44:06,731 [INFO]   Max iterations: 50
2026-02-11 23:44:06,731 [INFO]   Dry run: False
2026-02-11 23:44:06,731 [INFO]
2026-02-11 23:44:06,731 [INFO] === Iteration 1 ===
2026-02-11 23:44:06,733 [INFO]   Next task: T123 — Mount Signal Chain Groups Router + Verify (state=validating)
2026-02-11 23:44:06,920 [INFO]
  Phase: VALIDATE (full TDD validation for T123)
2026-02-11 23:44:06,920 [DEBUG] STRUCTURED: {"event": "phase_start", "timestamp": "2026-02-11T22:44:06.920441+00:00", "task_id": 123, "phase": "validate"}
2026-02-11 23:44:06,920 [INFO]     Running: just tdd-complete T123
2026-02-11 23:46:26,212 [DEBUG]     just tdd-complete T123 -> OK
2026-02-11 23:46:26,212 [DEBUG]     Output:
stGearPages::test_gear_detail_page_with_valid_slug PASSED [ 60%]
tests/test_regression.py::TestGearPages::test_gear_browse_page_returns_200 PASSED [ 61%]
tests/test_regression.py::TestLibraryPages::test_library_chains_redirects_to_login PASSED [ 63%]
tests/test_regression.py::TestLibraryPages::test_library_my_gear_redirects_to_login PASSED [ 64%]
tests/test_regression.py::TestLibraryPages::test_library_shootouts_redirects_to_login PASSED [ 66%]
tests/test_regression.py::TestLibraryPages::test_library_chain_groups_returns_404 PASSED [ 67%]
tests/test_regression.py::TestHTMXFragments::test_gear_list_fragment_returns_200 PASSED [ 69%]
tests/test_regression.py::TestHTMXFragments::test_library_my_gear_list_fragment_returns_200 PASSED [ 70%]
tests/test_regression.py::TestHTMXFragments::test_library_chains_list_fragment_returns_200 PASSED [ 72%]
tests/test_regression.py::TestHTMXFragments::test_library_shootouts_list_fragment_returns_200 PASSED [ 73%]
tests/test_regression.py::TestHTMXFragments::test_my_gear_results_fragment_returns_200 PASSED [ 75%]
tests/test_regression.py::TestHTMXFragments::test_di_tracks_results_fragment_returns_200 PASSED [ 76%]
tests/test_regression.py::TestHTMXFragments::test_library_tracks_fragment_returns_200 PASSED [ 78%]
tests/test_regression.py::TestHTMXFragments::test_library_chains_fragment_returns_200 PASSED [ 80%]
tests/test_regression.py::TestHTMXFragments::test_library_shootouts_fragment_returns_200 PASSED [ 81%]
tests/test_regression.py::TestHTMXFragments::test_library_groups_fragment_returns_200 PASSED [ 83%]
tests/test_regression.py::TestHTMXFragments::test_shootout_create_chains_fragment_returns_200 PASSED [ 84%]
tests/test_regression.py::TestHTMXFragments::test_shootout_create_ditracks_fragment_returns_200 PASSED [ 86%]
tests/test_regression.py::TestHTMXFragments::test_shootouts_sections_fragment_returns_200 PASSED [ 87%]
tests/test_remotion_player_rendering.py::TestRemotionPlayerRendering::test_hero_animation_renders_on_homepage XFAIL [ 89%]
tests/test_remotion_player_rendering.py::TestRemotionPlayerRendering::test_hero_animation_contains_player_element XFAIL [ 90%]
tests/test_remotion_player_rendering.py::TestRemotionPlayerRendering::test_how_to_video_renders PASSED [ 92%]
tests/test_remotion_player_rendering.py::TestRemotionPlayerRendering::test_remotion_player_no_ssr PASSED [ 93%]
tests/test_remotion_player_rendering.py::TestRemotionPlayerRendering::test_hero_animation_has_controls_or_autoplay PASSED [ 95%]
tests/test_remotion_player_rendering.py::TestRemotionPlayerRendering::test_no_console_errors_on_homepage PASSED [ 96%]
tests/test_remotion_player_rendering.py::TestRemotionPlayerAccessibility::test_hero_animation_has_testid XFAIL [ 98%]
tests/test_remotion_player_rendering.py::TestRemotionPlayerAccessibility::test_how_to_video_has_testid PASSED [100%]

============= 61 passed, 1 skipped, 3 xfailed in 60.94s (0:01:00) ==============

Task T123 validation complete
.env.local: line 10: UID: readonly variable

2026-02-11 23:46:26,226 [INFO]   T123 COMPLETE
2026-02-11 23:46:26,227 [DEBUG] STRUCTURED: {"event": "phase_end", "timestamp": "2026-02-11T22:46:26.226968+00:00", "task_id": 123, "phase": "validate", "result": "complete"}
