2026-02-12 01:30:37,238 [INFO] Session log: /home/ryan/Work/guitar-tone-worktrees/95-phase-4-completion-di-tracks-groups-shoo/.tasks/projects/guitar-tone-shootout/epics/E95/logs/session_20260212_003037.log
2026-02-12 01:30:37,238 [INFO] Starting TDD state machine for Epic E95
2026-02-12 01:30:37,238 [INFO]   Tasks dir: /home/ryan/Work/guitar-tone-worktrees/95-phase-4-completion-di-tracks-groups-shoo/.tasks/projects/guitar-tone-shootout/epics/E95
2026-02-12 01:30:37,238 [INFO]   Max iterations: 50
2026-02-12 01:30:37,238 [INFO]   Dry run: False
2026-02-12 01:30:37,238 [INFO]
2026-02-12 01:30:37,238 [INFO] === Iteration 1 ===
2026-02-12 01:30:37,239 [INFO]   Next task: T128 — IR Upload Endpoint + Service (state=validating)
2026-02-12 01:30:37,414 [INFO]
  Phase: VALIDATE (full TDD validation for T128)
2026-02-12 01:30:37,414 [DEBUG] STRUCTURED: {"event": "phase_start", "timestamp": "2026-02-12T00:30:37.414676+00:00", "task_id": 128, "phase": "validate"}
2026-02-12 01:30:37,414 [INFO]     Running: just tdd-complete T128
2026-02-12 01:31:55,219 [DEBUG]     just tdd-complete T128 -> FAILED (exit 1)
2026-02-12 01:31:55,220 [DEBUG]     Output:
tests/integration/webapp/test_library_page_route.py::TestLibraryMyGearPageRoute::test_library_my_gear_shows_gear_type_filter - Pre-existing: template assertions need update
FAILED tests/unit/webapp/test_ir_upload_service_t128.py::TestIRUploadServiceCreatesGear::test_creates_gear_with_ir_type
FAILED tests/unit/webapp/test_ir_upload_service_t128.py::TestIRUploadServiceCreatesGear::test_creates_gear_with_community_source
FAILED tests/unit/webapp/test_ir_upload_service_t128.py::TestIRUploadServiceCreatesGear::test_creates_gear_with_description
FAILED tests/unit/webapp/test_ir_upload_service_t128.py::TestIRUploadServiceCreatesGearModel::test_creates_gear_model_linked_to_gear
FAILED tests/unit/webapp/test_ir_upload_service_t128.py::TestIRUploadServiceCreatesGearModel::test_gear_model_has_ir_platform
FAILED tests/unit/webapp/test_ir_upload_service_t128.py::TestIRUploadServiceCreatesGearModel::test_gear_model_has_file_path
FAILED tests/unit/webapp/test_ir_upload_service_t128.py::TestIRUploadServiceCreatesGearModel::test_gear_model_has_file_hash
FAILED tests/unit/webapp/test_ir_upload_service_t128.py::TestIRUploadServiceValidation::test_rejects_invalid_file_format
FAILED tests/unit/webapp/test_ir_upload_service_t128.py::TestIRUploadServiceValidation::test_detects_duplicate_checksum
FAILED tests/unit/webapp/test_ir_upload_service_t128.py::TestIRUploadServiceValidation::test_accepts_wav_format
FAILED tests/unit/webapp/test_ir_upload_service_t128.py::TestIRUploadServiceReturnValue::test_returns_created_gear
FAILED tests/unit/webapp/test_ir_upload_validation_t128.py::TestIRUploadServiceSafeFilename::test_upload_sanitises_filename_with_path_traversal
FAILED tests/unit/webapp/test_ir_upload_validation_t128.py::TestIRUploadServiceGearDefaults::test_gear_type_defaults_to_ir
FAILED tests/unit/webapp/test_ir_upload_validation_t128.py::TestIRUploadServiceGearDefaults::test_gear_model_platform_is_ir
FAILED tests/unit/webapp/test_ir_upload_validation_t128.py::TestIRUploadServiceGearDefaults::test_upload_returns_gear_with_id
FAILED tests/integration/webapp/test_ir_upload_endpoint_t128.py::TestIRUploadEndpoint::test_upload_creates_gear_returns_201
FAILED tests/integration/webapp/test_ir_upload_endpoint_t128.py::TestIRUploadEndpoint::test_upload_creates_gear_model_with_file_path
FAILED tests/integration/webapp/test_ir_upload_endpoint_t128.py::TestIRUploadEndpoint::test_upload_rejects_invalid_format
FAILED tests/integration/webapp/test_ir_upload_endpoint_t128.py::TestIRUploadEndpoint::test_upload_detects_duplicate_checksum
FAILED tests/integration/webapp/test_ir_upload_endpoint_t128.py::TestIRUploadEndpoint::test_upload_stores_file_safely
FAILED tests/integration/webapp/test_ir_upload_endpoint_t128.py::TestIRUploadEndpoint::test_upload_defaults_gear_type_to_ir
= 21 failed, 1753 passed, 20 skipped, 113 deselected, 74 xfailed, 33 xpassed, 44 warnings in 73.79s (0:01:13) =
error: Recipe `tdd-green` failed with exit code 1
error: Recipe `tdd-complete` failed with exit code 1

2026-02-12 01:31:55,220 [INFO]
2026-02-12 01:31:55,220 [INFO] ============================================================
2026-02-12 01:31:55,220 [INFO] EPIC HALTED — T128 failed at phase: validation_failed
2026-02-12 01:31:55,220 [INFO] ============================================================
2026-02-12 01:31:55,220 [INFO] Error report: /home/ryan/Work/guitar-tone-worktrees/95-phase-4-completion-di-tracks-groups-shoo/.tasks/projects/guitar-tone-shootout/epics/E95/logs/errors/T128_validation_failed_20260212_003155.md
2026-02-12 01:31:55,220 [INFO]
2026-02-12 01:31:55,220 [INFO] Last output:
2026-02-12 01:31:55,221 [INFO]   XPASS tests/unit/webapp/test_t3k_provider_t15.py::TestT3KProvider::test_t3k_provider_has_default_api_url - Pre-existing: T3K provider API changed
2026-02-12 01:31:55,221 [INFO]   XPASS tests/unit/webapp/test_t3k_provider_t15.py::TestT3KProvider::test_t3k_provider_token_exchange_includes_all_parameters - Pre-existing: T3K provider API changed
2026-02-12 01:31:55,221 [INFO]   XPASS tests/unit/webapp/test_t3k_provider_t15.py::TestT3KProvider::test_t3k_provider_user_info_includes_authorization_header - Pre-existing: T3K provider API changed
2026-02-12 01:31:55,221 [INFO]   XPASS tests/integration/video/test_remotion_typescript_compilation.py::TestTypeScriptCompilation::test_no_typescript_syntax_errors - Pre-existing: video node_modules not installed in webapp container
2026-02-12 01:31:55,221 [INFO]   XPASS tests/integration/video/test_remotion_typescript_compilation.py::TestTypeScriptCompilation::test_no_typescript_type_errors - Pre-existing: video node_modules not installed in webapp container
2026-02-12 01:31:55,221 [INFO]   XPASS tests/integration/video/test_remotion_typescript_compilation.py::TestRemotionStudioLaunch::test_remotion_config_exists - Pre-existing: video node_modules not installed in webapp container
2026-02-12 01:31:55,221 [INFO]   XPASS tests/integration/webapp/test_gear_page_routes.py::TestGearBrowsePageRoute::test_gear_browse_route_returns_html - Pre-existing: template assertions need update
2026-02-12 01:31:55,221 [INFO]   XPASS tests/integration/webapp/test_gear_page_routes.py::TestGearBrowsePageRoute::test_gear_browse_renders_base_layout - Pre-existing: template assertions need update
2026-02-12 01:31:55,221 [INFO]   XPASS tests/integration/webapp/test_gear_page_routes.py::TestGearDetailPageRoute::test_gear_detail_route_returns_html - Pre-existing: template assertions need update
2026-02-12 01:31:55,221 [INFO]   XPASS tests/integration/webapp/test_gear_page_routes.py::TestGearDetailPageRoute::test_gear_detail_renders_all_fields - Pre-existing: template assertions need update
2026-02-12 01:31:55,221 [INFO]   XPASS tests/integration/webapp/test_gear_page_routes.py::TestGearDetailPageRoute::test_gear_detail_returns_404_for_nonexistent_slug - Pre-existing: template assertions need update
2026-02-12 01:31:55,221 [INFO]   XPASS tests/integration/webapp/test_gear_page_routes.py::TestGearDetailPageRoute::test_gear_detail_returns_404_for_non_public_gear - Pre-existing: template assertions need update
2026-02-12 01:31:55,221 [INFO]   XPASS tests/integration/webapp/test_gear_page_routes.py::TestGearDetailPageRoute::test_gear_detail_renders_base_layout - Pre-existing: template assertions need update
2026-02-12 01:31:55,221 [INFO]   XPASS tests/integration/webapp/test_library_page_route.py::TestLibraryMyGearPageRoute::test_library_my_gear_renders_base_layout - Pre-existing: template assertions need update
2026-02-12 01:31:55,221 [INFO]   XPASS tests/integration/webapp/test_library_page_route.py::TestLibraryMyGearPageRoute::test_library_my_gear_has_htmx_attributes - Pre-existing: template assertions need update
2026-02-12 01:31:55,221 [INFO]   XPASS tests/integration/webapp/test_library_page_route.py::TestLibraryMyGearPageRoute::test_library_my_gear_shows_gear_type_filter - Pre-existing: template assertions need update
2026-02-12 01:31:55,221 [INFO]   FAILED tests/unit/webapp/test_ir_upload_service_t128.py::TestIRUploadServiceCreatesGear::test_creates_gear_with_ir_type
2026-02-12 01:31:55,221 [INFO]   FAILED tests/unit/webapp/test_ir_upload_service_t128.py::TestIRUploadServiceCreatesGear::test_creates_gear_with_community_source
2026-02-12 01:31:55,221 [INFO]   FAILED tests/unit/webapp/test_ir_upload_service_t128.py::TestIRUploadServiceCreatesGear::test_creates_gear_with_description
2026-02-12 01:31:55,221 [INFO]   FAILED tests/unit/webapp/test_ir_upload_service_t128.py::TestIRUploadServiceCreatesGearModel::test_creates_gear_model_linked_to_gear
2026-02-12 01:31:55,221 [INFO]   FAILED tests/unit/webapp/test_ir_upload_service_t128.py::TestIRUploadServiceCreatesGearModel::test_gear_model_has_ir_platform
2026-02-12 01:31:55,221 [INFO]   FAILED tests/unit/webapp/test_ir_upload_service_t128.py::TestIRUploadServiceCreatesGearModel::test_gear_model_has_file_path
2026-02-12 01:31:55,221 [INFO]   FAILED tests/unit/webapp/test_ir_upload_service_t128.py::TestIRUploadServiceCreatesGearModel::test_gear_model_has_file_hash
2026-02-12 01:31:55,221 [INFO]   FAILED tests/unit/webapp/test_ir_upload_service_t128.py::TestIRUploadServiceValidation::test_rejects_invalid_file_format
2026-02-12 01:31:55,221 [INFO]   FAILED tests/unit/webapp/test_ir_upload_service_t128.py::TestIRUploadServiceValidation::test_detects_duplicate_checksum
2026-02-12 01:31:55,221 [INFO]   FAILED tests/unit/webapp/test_ir_upload_service_t128.py::TestIRUploadServiceValidation::test_accepts_wav_format
2026-02-12 01:31:55,221 [INFO]   FAILED tests/unit/webapp/test_ir_upload_service_t128.py::TestIRUploadServiceReturnValue::test_returns_created_gear
2026-02-12 01:31:55,221 [INFO]   FAILED tests/unit/webapp/test_ir_upload_validation_t128.py::TestIRUploadServiceSafeFilename::test_upload_sanitises_filename_with_path_traversal
2026-02-12 01:31:55,221 [INFO]   FAILED tests/unit/webapp/test_ir_upload_validation_t128.py::TestIRUploadServiceGearDefaults::test_gear_type_defaults_to_ir
2026-02-12 01:31:55,221 [INFO]   FAILED tests/unit/webapp/test_ir_upload_validation_t128.py::TestIRUploadServiceGearDefaults::test_gear_model_platform_is_ir
2026-02-12 01:31:55,221 [INFO]   FAILED tests/unit/webapp/test_ir_upload_validation_t128.py::TestIRUploadServiceGearDefaults::test_upload_returns_gear_with_id
2026-02-12 01:31:55,221 [INFO]   FAILED tests/integration/webapp/test_ir_upload_endpoint_t128.py::TestIRUploadEndpoint::test_upload_creates_gear_returns_201
2026-02-12 01:31:55,221 [INFO]   FAILED tests/integration/webapp/test_ir_upload_endpoint_t128.py::TestIRUploadEndpoint::test_upload_creates_gear_model_with_file_path
2026-02-12 01:31:55,221 [INFO]   FAILED tests/integration/webapp/test_ir_upload_endpoint_t128.py::TestIRUploadEndpoint::test_upload_rejects_invalid_format
2026-02-12 01:31:55,221 [INFO]   FAILED tests/integration/webapp/test_ir_upload_endpoint_t128.py::TestIRUploadEndpoint::test_upload_detects_duplicate_checksum
2026-02-12 01:31:55,221 [INFO]   FAILED tests/integration/webapp/test_ir_upload_endpoint_t128.py::TestIRUploadEndpoint::test_upload_stores_file_safely
2026-02-12 01:31:55,221 [INFO]   FAILED tests/integration/webapp/test_ir_upload_endpoint_t128.py::TestIRUploadEndpoint::test_upload_defaults_gear_type_to_ir
2026-02-12 01:31:55,221 [INFO]   = 21 failed, 1753 passed, 20 skipped, 113 deselected, 74 xfailed, 33 xpassed, 44 warnings in 73.79s (0:01:13) =
2026-02-12 01:31:55,221 [INFO]   error: Recipe `tdd-green` failed with exit code 1
2026-02-12 01:31:55,221 [INFO]   error: Recipe `tdd-complete` failed with exit code 1
2026-02-12 01:31:55,221 [INFO]
2026-02-12 01:31:55,221 [INFO] To retry, fix the issue and re-run: python scripts/run_epic.py run <epic>
